Component: ARM Compiler 5.05 update 1 (build 106) Tool: armlink [4d0efa]

==============================================================================

Section Cross References

    main.o(i.main) refers to pid.o(i.PID_init) for PID_init
    main.o(i.main) refers to misc.o(i.NVIC_PriorityGroupConfig) for NVIC_PriorityGroupConfig
    main.o(i.main) refers to usart.o(i.uart_init) for uart_init
    main.o(i.main) refers to delay.o(i.delay_init) for delay_init
    main.o(i.main) refers to led.o(i.LED_Init) for LED_Init
    main.o(i.main) refers to key.o(i.KEY_Init) for KEY_Init
    main.o(i.main) refers to lcd.o(i.LCD_Init) for LCD_Init
    main.o(i.main) refers to mpu6050.o(i.MPU_Init) for MPU_Init
    main.o(i.main) refers to lcd.o(i.LCD_ShowString) for LCD_ShowString
    main.o(i.main) refers to timer.o(i.TIM3_PWM_Init) for TIM3_PWM_Init
    main.o(i.main) refers to timer.o(i.TIM8_PWM_Init) for TIM8_PWM_Init
    main.o(i.main) refers to timer.o(i.TIM2_PWM_Init) for TIM2_PWM_Init
    main.o(i.main) refers to stm32f10x_tim.o(i.TIM_SetCompare1) for TIM_SetCompare1
    main.o(i.main) refers to stm32f10x_tim.o(i.TIM_SetCompare2) for TIM_SetCompare2
    main.o(i.main) refers to stm32f10x_tim.o(i.TIM_SetCompare3) for TIM_SetCompare3
    main.o(i.main) refers to delay.o(i.delay_ms) for delay_ms
    main.o(i.main) refers to timer.o(i.time7_init) for time7_init
    main.o(i.main) refers to timer.o(i.NVIC_INIT) for NVIC_INIT
    main.o(i.main) refers to pid.o(i.PIDSetKp) for PIDSetKp
    main.o(i.main) refers to pid.o(i.PIDSetKi) for PIDSetKi
    main.o(i.main) refers to pid.o(i.PIDSetKd) for PIDSetKd
    main.o(i.main) refers to lcd.o(i.LCD_Fill) for LCD_Fill
    main.o(i.main) refers to inv_mpu.o(i.mpu_dmp_init) for mpu_dmp_init
    main.o(i.main) refers to key.o(i.KEY_Scan) for KEY_Scan
    main.o(i.main) refers to inv_mpu.o(i.mpu_dmp_get_data) for mpu_dmp_get_data
    main.o(i.main) refers to mpu6050.o(i.MPU_Get_Temperature) for MPU_Get_Temperature
    main.o(i.main) refers to mpu6050.o(i.MPU_Get_Accelerometer) for MPU_Get_Accelerometer
    main.o(i.main) refers to mpu6050.o(i.MPU_Get_Gyroscope) for MPU_Get_Gyroscope
    main.o(i.main) refers to mpu6050.o(i.mpu6050_send_data) for mpu6050_send_data
    main.o(i.main) refers to fmul.o(x$fpl$fmul) for __aeabi_fmul
    main.o(i.main) refers to ffix.o(x$fpl$ffix) for __aeabi_f2iz
    main.o(i.main) refers to mpu6050.o(i.usart1_report_imu) for usart1_report_imu
    main.o(i.main) refers to lcd.o(i.LCD_ShowChar) for LCD_ShowChar
    main.o(i.main) refers to lcd.o(i.LCD_ShowNum) for LCD_ShowNum
    main.o(i.main) refers to usmart_config.o(.data) for usmart_dev
    main.o(i.main) refers to lcd.o(.data) for POINT_COLOR
    main.o(i.main) refers to main.o(.data) for yaw
    main.o(i.main) refers to control.o(i.ROV_Control) for ROV_Control
    system_stm32f10x.o(i.SetSysClock) refers to system_stm32f10x.o(i.SetSysClockTo72) for SetSysClockTo72
    system_stm32f10x.o(i.SystemCoreClockUpdate) refers to system_stm32f10x.o(.data) for SystemCoreClock
    system_stm32f10x.o(i.SystemInit) refers to system_stm32f10x.o(i.SetSysClock) for SetSysClock
    led.o(i.LED_Init) refers to stm32f10x_rcc.o(i.RCC_APB2PeriphClockCmd) for RCC_APB2PeriphClockCmd
    led.o(i.LED_Init) refers to stm32f10x_gpio.o(i.GPIO_Init) for GPIO_Init
    led.o(i.LED_Init) refers to stm32f10x_gpio.o(i.GPIO_SetBits) for GPIO_SetBits
    key.o(i.KEY_Init) refers to stm32f10x_rcc.o(i.RCC_APB2PeriphClockCmd) for RCC_APB2PeriphClockCmd
    key.o(i.KEY_Init) refers to stm32f10x_gpio.o(i.GPIO_Init) for GPIO_Init
    key.o(i.KEY_Scan) refers to stm32f10x_gpio.o(i.GPIO_ReadInputDataBit) for GPIO_ReadInputDataBit
    key.o(i.KEY_Scan) refers to delay.o(i.delay_ms) for delay_ms
    key.o(i.KEY_Scan) refers to key.o(.data) for key_up
    timer.o(i.NVIC_INIT) refers to misc.o(i.NVIC_PriorityGroupConfig) for NVIC_PriorityGroupConfig
    timer.o(i.NVIC_INIT) refers to misc.o(i.NVIC_Init) for NVIC_Init
    timer.o(i.TIM2_IRQHandler) refers to stm32f10x_tim.o(i.TIM_GetITStatus) for TIM_GetITStatus
    timer.o(i.TIM2_IRQHandler) refers to stm32f10x_tim.o(i.TIM_ClearITPendingBit) for TIM_ClearITPendingBit
    timer.o(i.TIM2_PWM_Init) refers to stm32f10x_rcc.o(i.RCC_APB2PeriphClockCmd) for RCC_APB2PeriphClockCmd
    timer.o(i.TIM2_PWM_Init) refers to stm32f10x_gpio.o(i.GPIO_Init) for GPIO_Init
    timer.o(i.TIM2_PWM_Init) refers to stm32f10x_tim.o(i.TIM_TimeBaseInit) for TIM_TimeBaseInit
    timer.o(i.TIM2_PWM_Init) refers to stm32f10x_tim.o(i.TIM_OC2Init) for TIM_OC2Init
    timer.o(i.TIM2_PWM_Init) refers to stm32f10x_tim.o(i.TIM_OC3Init) for TIM_OC3Init
    timer.o(i.TIM2_PWM_Init) refers to stm32f10x_tim.o(i.TIM_CtrlPWMOutputs) for TIM_CtrlPWMOutputs
    timer.o(i.TIM2_PWM_Init) refers to stm32f10x_tim.o(i.TIM_OC2PreloadConfig) for TIM_OC2PreloadConfig
    timer.o(i.TIM2_PWM_Init) refers to stm32f10x_tim.o(i.TIM_OC3PreloadConfig) for TIM_OC3PreloadConfig
[...]
    _mutex_acquire                            - Undefined Weak Reference
    _mutex_release                            - Undefined Weak Reference
    _printf_mbtowc                            - Undefined Weak Reference
    _printf_truncate_signed                   - Undefined Weak Reference
    _printf_truncate_unsigned                 - Undefined Weak Reference
    _rand_init                                - Undefined Weak Reference
    _signal_finish                            - Undefined Weak Reference
    _signal_init                              - Undefined Weak Reference
    _terminate_alloc                          - Undefined Weak Reference
    _terminate_user_alloc                     - Undefined Weak Reference
    _terminateio                              - Undefined Weak Reference
    __Vectors_Size                           0x00000130   Number         0  startup_stm32f10x_hd.o ABSOLUTE
    __Vectors                                0x08000000   Data           4  startup_stm32f10x_hd.o(RESET)
    __Vectors_End                            0x08000130   Data           0  startup_stm32f10x_hd.o(RESET)
    __main                                   0x08000131   Thumb Code     8  __main.o(!!!main)
    __scatterload                            0x08000139   Thumb Code     0  __scatter.o(!!!scatter)
    __scatterload_rt2                        0x08000139   Thumb Code    44  __scatter.o(!!!scatter)
    __scatterload_rt2_thumb_only             0x08000139   Thumb Code     0  __scatter.o(!!!scatter)
    __scatterload_null                       0x08000147   Thumb Code     0  __scatter.o(!!!scatter)
    __decompress                             0x0800016d   Thumb Code    90  __dczerorl2.o(!!dczerorl2)
    __decompress1                            0x0800016d   Thumb Code     0  __dczerorl2.o(!!dczerorl2)
    __scatterload_zeroinit                   0x080001c9   Thumb Code    28  __scatter_zi.o(!!handler_zi)
    _printf_d                                0x080001e5   Thumb Code     0  _printf_d.o(.ARM.Collect$$_printf_percent$$00000009)
    _printf_percent                          0x080001e5   Thumb Code     0  _printf_percent.o(.ARM.Collect$$_printf_percent$$00000000)
    _printf_u                                0x080001eb   Thumb Code     0  _printf_u.o(.ARM.Collect$$_printf_percent$$0000000A)
    _printf_x                                0x080001f1   Thumb Code     0  _printf_x.o(.ARM.Collect$$_printf_percent$$0000000C)
    _printf_c                                0x080001f7   Thumb Code     0  _printf_c.o(.ARM.Collect$$_printf_percent$$00000013)
    _printf_s                                0x080001fd   Thumb Code     0  _printf_s.o(.ARM.Collect$$_printf_percent$$00000014)
    _printf_percent_end                      0x08000203   Thumb Code     0  _printf_percent_end.o(.ARM.Collect$$_printf_percent$$00000017)
    __rt_lib_init                            0x08000207   Thumb Code     0  libinit.o(.ARM.Collect$$libinit$$00000000)
    __rt_lib_init_alloca_1                   0x08000209   Thumb Code     0  libinit2.o(.ARM.Collect$$libinit$$0000002E)
    __rt_lib_init_argv_1                     0x08000209   Thumb Code     0  libinit2.o(.ARM.Collect$$libinit$$0000002C)
    __rt_lib_init_atexit_1                   0x08000209   Thumb Code     0  libinit2.o(.ARM.Collect$$libinit$$0000001B)
    __rt_lib_init_clock_1                    0x08000209   Thumb Code     0  libinit2.o(.ARM.Collect$$libinit$$00000021)
    __rt_lib_init_cpp_1                      0x08000209   Thumb Code     0  libinit2.o(.ARM.Collect$$libinit$$00000032)
    __rt_lib_init_exceptions_1               0x08000209   Thumb Code     0  libinit2.o(.ARM.Collect$$libinit$$00000030)
    __rt_lib_init_fp_1                       0x08000209   Thumb Code     0  libinit2.o(.ARM.Collect$$libinit$$00000002)
    __rt_lib_init_fp_trap_1                  0x08000209   Thumb Code     0  libinit2.o(.ARM.Collect$$libinit$$0000001F)
    __rt_lib_init_getenv_1                   0x08000209   Thumb Code     0  libinit2.o(.ARM.Collect$$libinit$$00000023)
    __rt_lib_init_heap_1                     0x08000209   Thumb Code     0  libinit2.o(.ARM.Collect$$libinit$$0000000A)
    __rt_lib_init_lc_collate_1               0x08000209   Thumb Code     0  libinit2.o(.ARM.Collect$$libinit$$00000011)
    __rt_lib_init_lc_ctype_1                 0x08000209   Thumb Code     0  libinit2.o(.ARM.Collect$$libinit$$00000013)
    __rt_lib_init_lc_monetary_1              0x08000209   Thumb Code     0  libinit2.o(.ARM.Collect$$libinit$$00000015)
    __rt_lib_init_lc_numeric_1               0x08000209   Thumb Code     0  libinit2.o(.ARM.Collect$$libinit$$00000017)
    __rt_lib_init_lc_time_1                  0x08000209   Thumb Code     0  libinit2.o(.ARM.Collect$$libinit$$00000019)
    __rt_lib_init_preinit_1                  0x08000209   Thumb Code     0  libinit2.o(.ARM.Collect$$libinit$$00000004)
    __rt_lib_init_rand_1                     0x08000209   Thumb Code     0  libinit2.o(.ARM.Collect$$libinit$$0000000E)
    __rt_lib_init_return                     0x08000209   Thumb Code     0  libinit2.o(.ARM.Collect$$libinit$$00000033)
    __rt_lib_init_signal_1                   0x08000209   Thumb Code     0  libinit2.o(.ARM.Collect$$libinit$$0000001D)
    __rt_lib_init_stdio_1                    0x08000209   Thumb Code     0  libinit2.o(.ARM.Collect$$libinit$$00000025)
    __rt_lib_init_user_alloc_1               0x08000209   Thumb Code     0  libinit2.o(.ARM.Collect$$libinit$$0000000C)
    __rt_lib_shutdown                        0x0800020b   Thumb Code     0  libshutdown.o(.ARM.Collect$$libshutdown$$00000000)
    __rt_lib_shutdown_fp_trap_1              0x0800020d   Thumb Code     0  libshutdown2.o(.ARM.Collect$$libshutdown$$00000006)
    __rt_lib_shutdown_heap_1                 0x0800020d   Thumb Code     0  libshutdown2.o(.ARM.Collect$$libshutdown$$0000000E)
    __rt_lib_shutdown_return                 0x0800020d   Thumb Code     0  libshutdown2.o(.ARM.Collect$$libshutdown$$0000000F)
    __rt_lib_shutdown_signal_1               0x0800020d   Thumb Code     0  libshutdown2.o(.ARM.Collect$$libshutdown$$00000009)
    __rt_lib_shutdown_stdio_1                0x0800020d   Thumb Code     0  libshutdown2.o(.ARM.Collect$$libshutdown$$00000003)
    __rt_lib_shutdown_user_alloc_1           0x0800020d   Thumb Code     0  libshutdown2.o(.ARM.Collect$$libshutdown$$0000000B)
    __rt_entry                               0x0800020f   Thumb Code     0  __rtentry.o(.ARM.Collect$$rtentry$$00000000)
    __rt_entry_presh_1                       0x0800020f   Thumb Code     0  __rtentry2.o(.ARM.Collect$$rtentry$$00000002)
    __rt_entry_sh                            0x0800020f   Thumb Code     0  __rtentry4.o(.ARM.Collect$$rtentry$$00000004)
    __rt_entry_li                            0x08000215   Thumb Code     0  __rtentry2.o(.ARM.Collect$$rtentry$$0000000A)
    __rt_entry_postsh_1                      0x08000215   Thumb Code     0  __rtentry2.o(.ARM.Collect$$rtentry$$00000009)
    __rt_entry_main                          0x08000219   Thumb Code     0  __rtentry2.o(.ARM.Collect$$rtentry$$0000000D)
    __rt_entry_postli_1                      0x08000219   Thumb Code     0  __rtentry2.o(.ARM.Collect$$rtentry$$0000000C)
    __rt_exit                                0x08000221   Thumb Code     0  rtexit.o(.ARM.Collect$$rtexit$$00000000)
    __rt_exit_ls                             0x08000223   Thumb Code     0  rtexit2.o(.ARM.Collect$$rtexit$$00000003)
    __rt_exit_prels_1                        0x08000223   Thumb Code     0  rtexit2.o(.ARM.Collect$$rtexit$$00000002)
    __rt_exit_exit                           0x08000227   Thumb Code     0  rtexit2.o(.ARM.Collect$$rtexit$$00000004)
    Reset_Handler                            0x0800022d   Thumb Code     8  startup_stm32f10x_hd.o(.text)
    ADC1_2_IRQHandler                        0x08000247   Thumb Code     0  startup_stm32f10x_hd.o(.text)
    ADC3_IRQHandler                          0x08000247   Thumb Code     0  startup_stm32f10x_hd.o(.text)
    CAN1_RX1_IRQHandler                      0x08000247   Thumb Code     0  startup_stm32f10x_hd.o(.text)
    CAN1_SCE_IRQHandler                      0x08000247   Thumb Code     0  startup_stm32f10x_hd.o(.text)
    DMA1_Channel1_IRQHandler                 0x08000247   Thumb Code     0  startup_stm32f10x_hd.o(.text)
    DMA1_Channel2_IRQHandler                 0x08000247   Thumb Code     0  startup_stm32f10x_hd.o(.text)
    DMA1_Channel3_IRQHandler                 0x08000247   Thumb Code     0  startup_stm32f10x_hd.o(.text)
    DMA1_Channel4_IRQHandler                 0x08000247   Thumb Code     0  startup_stm32f10x_hd.o(.text)
    DMA1_Channel5_IRQHandler                 0x08000247   Thumb Code     0  startup_stm32f10x_hd.o(.text)
    DMA1_Channel6_IRQHandler                 0x08000247   Thumb Code     0  startup_stm32f10x_hd.o(.text)
    DMA1_Channel7_IRQHandler                 0x08000247   Thumb Code     0  startup_stm32f10x_hd.o(.text)
    DMA2_Channel1_IRQHandler                 0x08000247   Thumb Code     0  startup_stm32f10x_hd.o(.text)
    DMA2_Channel2_IRQHandler                 0x08000247   Thumb Code     0  startup_stm32f10x_hd.o(.text)
    DMA2_Channel3_IRQHandler                 0x08000247   Thumb Code     0  startup_stm32f10x_hd.o(.text)
    DMA2_Channel4_5_IRQHandler               0x08000247   Thumb Code     0  startup_stm32f10x_hd.o(.text)
    EXTI0_IRQHandler                         0x08000247   Thumb Code     0  startup_stm32f10x_hd.o(.text)
    EXTI15_10_IRQHandler                     0x08000247   Thumb Code     0  startup_stm32f10x_hd.o(.text)
    EXTI1_IRQHandler                         0x08000247   Thumb Code     0  startup_stm32f10x_hd.o(.text)
    EXTI2_IRQHandler                         0x08000247   Thumb Code     0  startup_stm32f10x_hd.o(.text)
    EXTI3_IRQHandler                         0x08000247   Thumb Code     0  startup_stm32f10x_hd.o(.text)
    EXTI4_IRQHandler                         0x08000247   Thumb Code     0  startup_stm32f10x_hd.o(.text)
    EXTI9_5_IRQHandler                       0x08000247   Thumb Code     0  startup_stm32f10x_hd.o(.text)
    FLASH_IRQHandler                         0x08000247   Thumb Code     0  startup_stm32f10x_hd.o(.text)
    FSMC_IRQHandler                          0x08000247   Thumb Code     0  startup_stm32f10x_hd.o(.text)
    I2C1_ER_IRQHandler                       0x08000247   Thumb Code     0  startup_stm32f10x_hd.o(.text)
    I2C1_EV_IRQHandler                       0x08000247   Thumb Code     0  startup_stm32f10x_hd.o(.text)
    I2C2_ER_IRQHandler                       0x08000247   Thumb Code     0  startup_stm32f10x_hd.o(.text)
    I2C2_EV_IRQHandler                       0x08000247   Thumb Code     0  startup_stm32f10x_hd.o(.text)
    PVD_IRQHandler                           0x08000247   Thumb Code     0  startup_stm32f10x_hd.o(.text)
    RCC_IRQHandler                           0x08000247   Thumb Code     0  startup_stm32f10x_hd.o(.text)
    RTCAlarm_IRQHandler                      0x08000247   Thumb Code     0  startup_stm32f10x_hd.o(.text)
    RTC_IRQHandler                           0x08000247   Thumb Code     0  startup_stm32f10x_hd.o(.text)
    SDIO_IRQHandler                          0x08000247   Thumb Code     0  startup_stm32f10x_hd.o(.text)
    SPI1_IRQHandler                          0x08000247   Thumb Code     0  startup_stm32f10x_hd.o(.text)
    SPI2_IRQHandler                          0x08000247   Thumb Code     0  startup_stm32f10x_hd.o(.text)
    SPI3_IRQHandler                          0x08000247   Thumb Code     0  startup_stm32f10x_hd.o(.text)
    TAMPER_IRQHandler                        0x08000247   Thumb Code     0  startup_stm32f10x_hd.o(.text)
    TIM1_BRK_IRQHandler                      0x08000247   Thumb Code     0  startup_stm32f10x_hd.o(.text)
    TIM1_CC_IRQHandler                       0x08000247   Thumb Code     0  startup_stm32f10x_hd.o(.text)
    TIM1_TRG_COM_IRQHandler                  0x08000247   Thumb Code     0  startup_stm32f10x_hd.o(.text)
    TIM1_UP_IRQHandler                       0x08000247   Thumb Code     0  startup_stm32f10x_hd.o(.text)
    TIM5_IRQHandler                          0x08000247   Thumb Code     0  startup_stm32f10x_hd.o(.text)
    TIM6_IRQHandler                          0x08000247   Thumb Code     0  startup_stm32f10x_hd.o(.text)
    TIM8_BRK_IRQHandler                      0x08000247   Thumb Code     0  startup_stm32f10x_hd.o(.text)
    TIM8_CC_IRQHandler                       0x08000247   Thumb Code     0  startup_stm32f10x_hd.o(.text)
    TIM8_TRG_COM_IRQHandler                  0x08000247   Thumb Code     0  startup_stm32f10x_hd.o(.text)
    TIM8_UP_IRQHandler                       0x08000247   Thumb Code     0  startup_stm32f10x_hd.o(.text)
    UART4_IRQHandler                         0x08000247   Thumb Code     0  startup_stm32f10x_hd.o(.text)
    UART5_IRQHandler                         0x08000247   Thumb Code     0  startup_stm32f10x_hd.o(.text)
    USART2_IRQHandler                        0x08000247   Thumb Code     0  startup_stm32f10x_hd.o(.text)
    USART3_IRQHandler                        0x08000247   Thumb Code     0  startup_stm32f10x_hd.o(.text)
    USBWakeUp_IRQHandler                     0x08000247   Thumb Code     0  startup_stm32f10x_hd.o(.text)
    USB_HP_CAN1_TX_IRQHandler                0x08000247   Thumb Code     0  startup_stm32f10x_hd.o(.text)
    USB_LP_CAN1_RX0_IRQHandler               0x08000247   Thumb Code     0  startup_stm32f10x_hd.o(.text)
    WWDG_IRQHandler                          0x08000247   Thumb Code     0  startup_stm32f10x_hd.o(.text)
    __user_initial_stackheap                 0x08000249   Thumb Code     0  startup_stm32f10x_hd.o(.text)
    __use_no_semihosting                     0x0800026d   Thumb Code     2  use_no_semi_2.o(.text)
    __aeabi_ldivmod                          0x0800026f   Thumb Code     0  llsdiv.o(.text)
    _ll_sdiv                                 0x0800026f   Thumb Code    72  llsdiv.o(.text)
    __2printf                                0x080002b9   Thumb Code    20  noretval__2printf.o(.text)
    _printf_pre_padding                      0x080002d1   Thumb Code    44  _printf_pad.o(.text)
    _printf_post_padding                     0x080002fd   Thumb Code    34  _printf_pad.o(.text)
    _printf_str                              0x0800031f   Thumb Code    82  _printf_str.o(.text)
    _printf_int_dec                          0x08000371   Thumb Code   104  _printf_dec.o(.text)
    _printf_int_hex                          0x080003e9   Thumb Code    84  _printf_hex_int.o(.text)
    _printf_longlong_hex                     0x080003e9   Thumb Code     0  _printf_hex_int.o(.text)
    __printf                                 0x08000441   Thumb Code   388  __printf_flags_ss_wp.o(.text)
    memcmp                                   0x080005c9   Thumb Code    88  memcmp.o(.text)
    __aeabi_memset                           0x08000621   Thumb Code    16  aeabi_memset.o(.text)
    __use_two_region_memory                  0x08000631   Thumb Code     2  heapauxi.o(.text)
    __rt_heap_escrow$2region                 0x08000633   Thumb Code     2  heapauxi.o(.text)
    __rt_heap_expand$2region                 0x08000635   Thumb Code     2  heapauxi.o(.text)
    __I$use$semihosting                      0x08000637   Thumb Code     0  use_no_semi.o(.text)
    __use_no_semihosting_swi                 0x08000637   Thumb Code     2  use_no_semi.o(.text)
    __aeabi_uldivmod                         0x08000639   Thumb Code     0  lludivv7m.o(.text)
    _ll_udiv                                 0x08000639   Thumb Code   238  lludivv7m.o(.text)
    __read_errno                             0x08000727   Thumb Code    10  _rserrno.o(.text)
    __set_errno                              0x08000731   Thumb Code    12  _rserrno.o(.text)
    _printf_int_common                       0x0800073d   Thumb Code   178  _printf_intcommon.o(.text)
    _printf_cs_common                        0x080007ef   Thumb Code    20  _printf_char.o(.text)
    _printf_char                             0x08000803   Thumb Code    16  _printf_char.o(.text)
    _printf_string                           0x08000813   Thumb Code     8  _printf_char.o(.text)
    _printf_char_file                        0x0800081d   Thumb Code    32  _printf_char_file.o(.text)
    __aeabi_memclr                           0x08000841   Thumb Code     0  rt_memclr.o(.text)
    __rt_memclr                              0x08000841   Thumb Code    68  rt_memclr.o(.text)
    _memset                                  0x08000845   Thumb Code     0  rt_memclr.o(.text)
    __aeabi_errno_addr                       0x08000885   Thumb Code     8  rt_errno_addr_intlibspace.o(.text)
    __errno$intlibspace                      0x08000885   Thumb Code     0  rt_errno_addr_intlibspace.o(.text)
    __rt_errno_addr$intlibspace              0x08000885   Thumb Code     0  rt_errno_addr_intlibspace.o(.text)
    _printf_char_common                      0x08000897   Thumb Code    32  _printf_char_common.o(.text)
    ferror                                   0x080008bd   Thumb Code     8  ferror.o(.text)
    __aeabi_memclr4                          0x080008c5   Thumb Code     0  rt_memclr_w.o(.text)
    __aeabi_memclr8                          0x080008c5   Thumb Code     0  rt_memclr_w.o(.text)
    __rt_memclr_w                            0x080008c5   Thumb Code    78  rt_memclr_w.o(.text)
    _memset_w                                0x080008c9   Thumb Code     0  rt_memclr_w.o(.text)
    __user_libspace                          0x08000915   Thumb Code     8  libspace.o(.text)
    __user_perproc_libspace                  0x08000915   Thumb Code     0  libspace.o(.text)
    __user_perthread_libspace                0x08000915   Thumb Code     0  libspace.o(.text)
    __user_setup_stackheap                   0x0800091d   Thumb Code    74  sys_stackheap_outer.o(.text)
    exit                                     0x08000967   Thumb Code    12  exit.o(.text)
    BusFault_Handler                         0x08000973   Thumb Code     4  stm32f10x_it.o(i.BusFault_Handler)
    DebugMon_Handler                         0x08000977   Thumb Code     2  stm32f10x_it.o(i.DebugMon_Handler)
    FSMC_NORSRAMCmd                          0x08000979   Thumb Code    46  stm32f10x_fsmc.o(i.FSMC_NORSRAMCmd)
    FSMC_NORSRAMInit                         0x080009ad   Thumb Code   230  stm32f10x_fsmc.o(i.FSMC_NORSRAMInit)
    GPIO_Init                                0x08000a93   Thumb Code   278  stm32f10x_gpio.o(i.GPIO_Init)
    GPIO_PinRemapConfig                      0x08000ba9   Thumb Code   138  stm32f10x_gpio.o(i.GPIO_PinRemapConfig)
    GPIO_ReadInputDataBit                    0x08000c39   Thumb Code    18  stm32f10x_gpio.o(i.GPIO_ReadInputDataBit)
    GPIO_SetBits                             0x08000c4b   Thumb Code     4  stm32f10x_gpio.o(i.GPIO_SetBits)
    HardFault_Handler                        0x08000c4f   Thumb Code     4  stm32f10x_it.o(i.HardFault_Handler)
    KEY_Init                                 0x08000c55   Thumb Code    52  key.o(i.KEY_Init)
    KEY_Scan                                 0x08000c91   Thumb Code   150  key.o(i.KEY_Scan)
    LCD_Clear                                0x08000d35   Thumb Code   100  lcd.o(i.LCD_Clear)
    LCD_Display_Dir                          0x08000da1   Thumb Code   444  lcd.o(i.LCD_Display_Dir)
    LCD_Fast_DrawPoint                       0x08000f61   Thumb Code   370  lcd.o(i.LCD_Fast_DrawPoint)
    LCD_Fill                                 0x080010dd   Thumb Code   178  lcd.o(i.LCD_Fill)
    LCD_Init                                 0x08001199   Thumb Code 14180  lcd.o(i.LCD_Init)
    LCD_Pow                                  0x08004905   Thumb Code    22  lcd.o(i.LCD_Pow)
    LCD_RD_DATA                              0x0800491d   Thumb Code    14  lcd.o(i.LCD_RD_DATA)
    LCD_ReadReg                              0x08004931   Thumb Code    22  lcd.o(i.LCD_ReadReg)
    LCD_SSD_BackLightSet                     0x08004949   Thumb Code    80  lcd.o(i.LCD_SSD_BackLightSet)
    LCD_Scan_Dir                             0x0800499d   Thumb Code   744  lcd.o(i.LCD_Scan_Dir)
    LCD_SetCursor                            0x08004c89   Thumb Code   418  lcd.o(i.LCD_SetCursor)
    LCD_ShowChar                             0x08004e31   Thumb Code   272  lcd.o(i.LCD_ShowChar)
    LCD_ShowNum                              0x08004f59   Thumb Code   148  lcd.o(i.LCD_ShowNum)
    LCD_ShowString                           0x08004fed   Thumb Code   102  lcd.o(i.LCD_ShowString)
    LCD_WR_DATA                              0x08005055   Thumb Code     6  lcd.o(i.LCD_WR_DATA)
    LCD_WR_REG                               0x08005061   Thumb Code     6  lcd.o(i.LCD_WR_REG)
    LCD_WriteRAM_Prepare                     0x0800506d   Thumb Code    10  lcd.o(i.LCD_WriteRAM_Prepare)
    LCD_WriteReg                             0x08005081   Thumb Code    10  lcd.o(i.LCD_WriteReg)
    LED_Init                                 0x08005091   Thumb Code    68  led.o(i.LED_Init)
    MPU_Get_Accelerometer                    0x080050dd   Thumb Code    80  mpu6050.o(i.MPU_Get_Accelerometer)
    MPU_Get_Gyroscope                        0x0800512d   Thumb Code    80  mpu6050.o(i.MPU_Get_Gyroscope)
    MPU_Get_Temperature                      0x0800517d   Thumb Code    86  mpu6050.o(i.MPU_Get_Temperature)
    MPU_IIC_Ack                              0x080051e5   Thumb Code    62  mpuiic.o(i.MPU_IIC_Ack)
    MPU_IIC_Delay                            0x08005231   Thumb Code    10  mpuiic.o(i.MPU_IIC_Delay)
    MPU_IIC_Init                             0x0800523d   Thumb Code    50  mpuiic.o(i.MPU_IIC_Init)
    MPU_IIC_NAck                             0x08005275   Thumb Code    62  mpuiic.o(i.MPU_IIC_NAck)
    MPU_IIC_Read_Byte                        0x080052c1   Thumb Code    94  mpuiic.o(i.MPU_IIC_Read_Byte)
    MPU_IIC_Send_Byte                        0x0800532d   Thumb Code    80  mpuiic.o(i.MPU_IIC_Send_Byte)
    MPU_IIC_Start                            0x08005389   Thumb Code    60  mpuiic.o(i.MPU_IIC_Start)
    MPU_IIC_Stop                             0x080053d1   Thumb Code    58  mpuiic.o(i.MPU_IIC_Stop)
    MPU_IIC_Wait_Ack                         0x08005419   Thumb Code    86  mpuiic.o(i.MPU_IIC_Wait_Ack)
    MPU_Init                                 0x0800547d   Thumb Code   180  mpu6050.o(i.MPU_Init)
    MPU_Read_Byte                            0x0800553d   Thumb Code    58  mpu6050.o(i.MPU_Read_Byte)
    MPU_Read_Len                             0x08005577   Thumb Code   116  mpu6050.o(i.MPU_Read_Len)
    MPU_Set_Accel_Fsr                        0x080055eb   Thumb Code    16  mpu6050.o(i.MPU_Set_Accel_Fsr)
    MPU_Set_Gyro_Fsr                         0x080055fb   Thumb Code    16  mpu6050.o(i.MPU_Set_Gyro_Fsr)
    MPU_Set_LPF                              0x0800560b   Thumb Code    58  mpu6050.o(i.MPU_Set_LPF)
    MPU_Set_Rate                             0x08005645   Thumb Code    58  mpu6050.o(i.MPU_Set_Rate)
    MPU_Write_Byte                           0x0800567f   Thumb Code    68  mpu6050.o(i.MPU_Write_Byte)
    MPU_Write_Len                            0x080056c3   Thumb Code    96  mpu6050.o(i.MPU_Write_Len)
    Math_fConstrain                          0x08005723   Thumb Code    38  pid.o(i.Math_fConstrain)
    MemManage_Handler                        0x08005749   Thumb Code     4  stm32f10x_it.o(i.MemManage_Handler)
    NMI_Handler                              0x0800574d   Thumb Code     2  stm32f10x_it.o(i.NMI_Handler)
    NVIC_INIT                                0x0800574f   Thumb Code    42  timer.o(i.NVIC_INIT)
    NVIC_Init                                0x08005779   Thumb Code   100  misc.o(i.NVIC_Init)
    NVIC_PriorityGroupConfig                 0x080057e9   Thumb Code    10  misc.o(i.NVIC_PriorityGroupConfig)
    PIDSetKd                                 0x080057fd   Thumb Code    14  pid.o(i.PIDSetKd)
    PIDSetKi                                 0x08005819   Thumb Code    14  pid.o(i.PIDSetKi)
    PIDSetKp                                 0x08005835   Thumb Code    14  pid.o(i.PIDSetKp)
    PID_init                                 0x08005851   Thumb Code    92  pid.o(i.PID_init)
    PID_realize_pitch                        0x080058c1   Thumb Code   366  pid.o(i.PID_realize_pitch)
    PID_realize_roll                         0x08005a39   Thumb Code   366  pid.o(i.PID_realize_roll)
    PID_realize_yaw                          0x08005bb1   Thumb Code   366  pid.o(i.PID_realize_yaw)
    PWM_Back_OUT                             0x08005d29   Thumb Code   312  control.o(i.PWM_Back_OUT)
    PWM_Down_OUT                             0x08005e89   Thumb Code   138  control.o(i.PWM_Down_OUT)
    PWM_Forward_OUT                          0x08005f29   Thumb Code   312  control.o(i.PWM_Forward_OUT)
    PWM_Left_OUT                             0x08006089   Thumb Code    44  control.o(i.PWM_Left_OUT)
    PWM_Right_OUT                            0x080060bd   Thumb Code    44  control.o(i.PWM_Right_OUT)
    PWM_Up_OUT                               0x080060f1   Thumb Code   138  control.o(i.PWM_Up_OUT)
    PendSV_Handler                           0x08006191   Thumb Code     2  stm32f10x_it.o(i.PendSV_Handler)
    RCC_AHBPeriphClockCmd                    0x08006195   Thumb Code    26  stm32f10x_rcc.o(i.RCC_AHBPeriphClockCmd)
    RCC_APB1PeriphClockCmd                   0x080061b5   Thumb Code    26  stm32f10x_rcc.o(i.RCC_APB1PeriphClockCmd)
    RCC_APB2PeriphClockCmd                   0x080061d5   Thumb Code    26  stm32f10x_rcc.o(i.RCC_APB2PeriphClockCmd)
    RCC_GetClocksFreq                        0x080061f5   Thumb Code   192  stm32f10x_rcc.o(i.RCC_GetClocksFreq)
    ROV_Control                              0x080062c9   Thumb Code    62  control.o(i.ROV_Control)
    SVC_Handler                              0x0800630d   Thumb Code     2  stm32f10x_it.o(i.SVC_Handler)
    SysTick_CLKSourceConfig                  0x080063f9   Thumb Code    40  misc.o(i.SysTick_CLKSourceConfig)
    SysTick_Handler                          0x08006421   Thumb Code     2  stm32f10x_it.o(i.SysTick_Handler)
    SystemInit                               0x08006425   Thumb Code    78  system_stm32f10x.o(i.SystemInit)
    TIM2_IRQHandler                          0x08006485   Thumb Code    22  timer.o(i.TIM2_IRQHandler)
    TIM2_PWM_Init                            0x0800649d   Thumb Code   186  timer.o(i.TIM2_PWM_Init)
    TIM3_IRQHandler                          0x08006561   Thumb Code    22  timer.o(i.TIM3_IRQHandler)
    TIM3_PWM_Init                            0x0800657d   Thumb Code   180  timer.o(i.TIM3_PWM_Init)
    TIM4_IRQHandler                          0x08006639   Thumb Code    46  usmart.o(i.TIM4_IRQHandler)
    TIM7_IRQHandler                          0x08006671   Thumb Code    56  timer.o(i.TIM7_IRQHandler)
    TIM8_PWM_Init                            0x080066c5   Thumb Code   180  timer.o(i.TIM8_PWM_Init)
    TIM_ARRPreloadConfig                     0x08006781   Thumb Code    24  stm32f10x_tim.o(i.TIM_ARRPreloadConfig)
    TIM_ClearFlag                            0x08006799   Thumb Code     6  stm32f10x_tim.o(i.TIM_ClearFlag)
    TIM_ClearITPendingBit                    0x0800679f   Thumb Code     6  stm32f10x_tim.o(i.TIM_ClearITPendingBit)
    TIM_Cmd                                  0x080067a5   Thumb Code    24  stm32f10x_tim.o(i.TIM_Cmd)
    TIM_CtrlPWMOutputs                       0x080067bd   Thumb Code    30  stm32f10x_tim.o(i.TIM_CtrlPWMOutputs)
    TIM_GetCounter                           0x080067db   Thumb Code     6  stm32f10x_tim.o(i.TIM_GetCounter)
    TIM_GetFlagStatus                        0x080067e1   Thumb Code    18  stm32f10x_tim.o(i.TIM_GetFlagStatus)
    TIM_GetITStatus                          0x080067f3   Thumb Code    34  stm32f10x_tim.o(i.TIM_GetITStatus)
    TIM_ITConfig                             0x08006815   Thumb Code    18  stm32f10x_tim.o(i.TIM_ITConfig)
    TIM_OC1Init                              0x08006829   Thumb Code   132  stm32f10x_tim.o(i.TIM_OC1Init)
    TIM_OC1PreloadConfig                     0x080068c1   Thumb Code    18  stm32f10x_tim.o(i.TIM_OC1PreloadConfig)
    TIM_OC2Init                              0x080068d5   Thumb Code   154  stm32f10x_tim.o(i.TIM_OC2Init)
    TIM_OC2PreloadConfig                     0x08006979   Thumb Code    26  stm32f10x_tim.o(i.TIM_OC2PreloadConfig)
    TIM_OC3Init                              0x08006995   Thumb Code   150  stm32f10x_tim.o(i.TIM_OC3Init)
    TIM_OC3PreloadConfig                     0x08006a35   Thumb Code    18  stm32f10x_tim.o(i.TIM_OC3PreloadConfig)
    TIM_SetAutoreload                        0x08006a47   Thumb Code     4  stm32f10x_tim.o(i.TIM_SetAutoreload)
    TIM_SetCompare1                          0x08006a4b   Thumb Code     4  stm32f10x_tim.o(i.TIM_SetCompare1)
    TIM_SetCompare2                          0x08006a4f   Thumb Code     4  stm32f10x_tim.o(i.TIM_SetCompare2)
    TIM_SetCompare3                          0x08006a53   Thumb Code     4  stm32f10x_tim.o(i.TIM_SetCompare3)
    TIM_SetCounter                           0x08006a57   Thumb Code     4  stm32f10x_tim.o(i.TIM_SetCounter)
    TIM_TimeBaseInit                         0x08006a5d   Thumb Code   122  stm32f10x_tim.o(i.TIM_TimeBaseInit)
    Timer4_Init                              0x08006b01   Thumb Code    88  usmart.o(i.Timer4_Init)
    USART1_IRQHandler                        0x08006b5d   Thumb Code   122  usart.o(i.USART1_IRQHandler)
    USART_Cmd                                0x08006be5   Thumb Code    24  stm32f10x_usart.o(i.USART_Cmd)
    USART_GetFlagStatus                      0x08006bfd   Thumb Code    26  stm32f10x_usart.o(i.USART_GetFlagStatus)
    USART_GetITStatus                        0x08006c17   Thumb Code    84  stm32f10x_usart.o(i.USART_GetITStatus)
    USART_ITConfig                           0x08006c6b   Thumb Code    74  stm32f10x_usart.o(i.USART_ITConfig)
    USART_Init                               0x08006cb5   Thumb Code   210  stm32f10x_usart.o(i.USART_Init)
    USART_ReceiveData                        0x08006d8d   Thumb Code    10  stm32f10x_usart.o(i.USART_ReceiveData)
    USART_SendData                           0x08006d97   Thumb Code     8  stm32f10x_usart.o(i.USART_SendData)
    UsageFault_Handler                       0x08006d9f   Thumb Code     4  stm32f10x_it.o(i.UsageFault_Handler)
    __ARM_fpclassify                         0x08006da3   Thumb Code    40  fpclassify.o(i.__ARM_fpclassify)
    __kernel_poly                            0x08006dcb   Thumb Code   170  poly.o(i.__kernel_poly)
    __mathlib_dbl_infnan                     0x08006e75   Thumb Code     6  dunder.o(i.__mathlib_dbl_infnan)
    __mathlib_dbl_infnan2                    0x08006e7b   Thumb Code     4  dunder.o(i.__mathlib_dbl_infnan2)
    __mathlib_dbl_invalid                    0x08006e7f   Thumb Code    12  dunder.o(i.__mathlib_dbl_invalid)
    __mathlib_dbl_underflow                  0x08006e8d   Thumb Code    10  dunder.o(i.__mathlib_dbl_underflow)
    _is_digit                                0x08006e9d   Thumb Code    14  __printf_wp.o(i._is_digit)
    _sys_exit                                0x08006eab   Thumb Code     6  usart.o(i._sys_exit)
    asin                                     0x08006f59   Thumb Code   572  asin.o(i.asin)
    atan                                     0x080071c9   Thumb Code   474  atan.o(i.atan)
    atan2                                    0x080073e9   Thumb Code   346  atan2.o(i.atan2)
    delay_init                               0x080075cd   Thumb Code    50  delay.o(i.delay_init)
    delay_ms                                 0x08007611   Thumb Code    72  delay.o(i.delay_ms)
    delay_us                                 0x0800765d   Thumb Code    72  delay.o(i.delay_us)
    dmp_enable_6x_lp_quat                    0x080076a9   Thumb Code    60  inv_mpu_dmp_motion_driver.o(i.dmp_enable_6x_lp_quat)
    dmp_enable_feature                       0x080076e5   Thumb Code   530  inv_mpu_dmp_motion_driver.o(i.dmp_enable_feature)
    dmp_enable_gyro_cal                      0x08007901   Thumb Code    62  inv_mpu_dmp_motion_driver.o(i.dmp_enable_gyro_cal)
    dmp_enable_lp_quat                       0x08007959   Thumb Code    60  inv_mpu_dmp_motion_driver.o(i.dmp_enable_lp_quat)
    dmp_load_motion_driver_firmware          0x08007995   Thumb Code    20  inv_mpu_dmp_motion_driver.o(i.dmp_load_motion_driver_firmware)
    dmp_read_fifo                            0x080079ad   Thumb Code   456  inv_mpu_dmp_motion_driver.o(i.dmp_read_fifo)
    dmp_set_accel_bias                       0x08007b79   Thumb Code   300  inv_mpu_dmp_motion_driver.o(i.dmp_set_accel_bias)
    dmp_set_fifo_rate                        0x08007ca9   Thumb Code    96  inv_mpu_dmp_motion_driver.o(i.dmp_set_fifo_rate)
    dmp_set_gyro_bias                        0x08007d19   Thumb Code   294  inv_mpu_dmp_motion_driver.o(i.dmp_set_gyro_bias)
    dmp_set_orientation                      0x08007e49   Thumb Code   290  inv_mpu_dmp_motion_driver.o(i.dmp_set_orientation)
    dmp_set_shake_reject_thresh              0x08007f81   Thumb Code    56  inv_mpu_dmp_motion_driver.o(i.dmp_set_shake_reject_thresh)
    dmp_set_shake_reject_time                0x08007fb9   Thumb Code    38  inv_mpu_dmp_motion_driver.o(i.dmp_set_shake_reject_time)
    dmp_set_shake_reject_timeout             0x08007fdf   Thumb Code    38  inv_mpu_dmp_motion_driver.o(i.dmp_set_shake_reject_timeout)
    dmp_set_tap_axes                         0x08008005   Thumb Code    70  inv_mpu_dmp_motion_driver.o(i.dmp_set_tap_axes)
    dmp_set_tap_count                        0x0800804b   Thumb Code    38  inv_mpu_dmp_motion_driver.o(i.dmp_set_tap_count)
    dmp_set_tap_thresh                       0x08008071   Thumb Code   396  inv_mpu_dmp_motion_driver.o(i.dmp_set_tap_thresh)
    dmp_set_tap_time                         0x08008211   Thumb Code    38  inv_mpu_dmp_motion_driver.o(i.dmp_set_tap_time)
    dmp_set_tap_time_multi                   0x08008237   Thumb Code    38  inv_mpu_dmp_motion_driver.o(i.dmp_set_tap_time_multi)
    fputc                                    0x0800825d   Thumb Code    24  usart.o(i.fputc)
    inv_orientation_matrix_to_scalar         0x080088ad   Thumb Code    40  inv_mpu.o(i.inv_orientation_matrix_to_scalar)
    inv_row_2_scale                          0x080088d5   Thumb Code    78  inv_mpu.o(i.inv_row_2_scale)
    main                                     0x08008925   Thumb Code  1488  main.o(i.main)
    mget_ms                                  0x08008f05   Thumb Code     2  inv_mpu.o(i.mget_ms)
    mpu6050_send_data                        0x08008f07   Thumb Code   110  mpu6050.o(i.mpu6050_send_data)
    mpu_configure_fifo                       0x08008f75   Thumb Code   106  inv_mpu.o(i.mpu_configure_fifo)
    mpu_dmp_get_data                         0x08008fe5   Thumb Code   544  inv_mpu.o(i.mpu_dmp_get_data)
    mpu_dmp_init                             0x08009209   Thumb Code   154  inv_mpu.o(i.mpu_dmp_init)
    mpu_get_accel_fsr                        0x080092a9   Thumb Code    72  inv_mpu.o(i.mpu_get_accel_fsr)
    mpu_get_accel_sens                       0x080092f5   Thumb Code    78  inv_mpu.o(i.mpu_get_accel_sens)
    mpu_get_fifo_config                      0x08009349   Thumb Code    12  inv_mpu.o(i.mpu_get_fifo_config)
    mpu_get_gyro_fsr                         0x08009359   Thumb Code    64  inv_mpu.o(i.mpu_get_gyro_fsr)
    mpu_get_gyro_sens                        0x0800939d   Thumb Code    58  inv_mpu.o(i.mpu_get_gyro_sens)
    mpu_get_lpf                              0x080093ed   Thumb Code    74  inv_mpu.o(i.mpu_get_lpf)
    mpu_get_sample_rate                      0x0800943d   Thumb Code    26  inv_mpu.o(i.mpu_get_sample_rate)
    mpu_init                                 0x0800945d   Thumb Code   416  inv_mpu.o(i.mpu_init)
    mpu_load_firmware                        0x0800964d   Thumb Code   180  inv_mpu.o(i.mpu_load_firmware)
    mpu_lp_accel_mode                        0x08009705   Thumb Code   218  inv_mpu.o(i.mpu_lp_accel_mode)
    mpu_read_fifo_stream                     0x080097e5   Thumb Code   186  inv_mpu.o(i.mpu_read_fifo_stream)
    mpu_read_mem                             0x080098a5   Thumb Code   122  inv_mpu.o(i.mpu_read_mem)
    mpu_reset_fifo                           0x08009925   Thumb Code   450  inv_mpu.o(i.mpu_reset_fifo)
    mpu_run_self_test                        0x08009aed   Thumb Code   278  inv_mpu.o(i.mpu_run_self_test)
    mpu_set_accel_fsr                        0x08009c09   Thumb Code   126  inv_mpu.o(i.mpu_set_accel_fsr)
    mpu_set_bypass                           0x08009c8d   Thumb Code   328  inv_mpu.o(i.mpu_set_bypass)
    mpu_set_dmp_state                        0x08009dd9   Thumb Code   138  inv_mpu.o(i.mpu_set_dmp_state)
    mpu_set_gyro_fsr                         0x08009e69   Thumb Code   132  inv_mpu.o(i.mpu_set_gyro_fsr)
    mpu_set_int_latched                      0x08009ef1   Thumb Code   102  inv_mpu.o(i.mpu_set_int_latched)
    mpu_set_lpf                              0x08009f5d   Thumb Code   126  inv_mpu.o(i.mpu_set_lpf)
    mpu_set_sample_rate                      0x08009fe1   Thumb Code   152  inv_mpu.o(i.mpu_set_sample_rate)
    mpu_set_sensors                          0x0800a07d   Thumb Code   202  inv_mpu.o(i.mpu_set_sensors)
    mpu_write_mem                            0x0800a14d   Thumb Code   122  inv_mpu.o(i.mpu_write_mem)
    read_addr                                0x0800a1cd   Thumb Code     6  usmart.o(i.read_addr)
    roll_pitch_yaw_anglePID                  0x0800a1d5   Thumb Code    80  pid.o(i.roll_pitch_yaw_anglePID)
    run_self_test                            0x0800a239   Thumb Code   148  inv_mpu.o(i.run_self_test)
    sqrt                                     0x0800a35d   Thumb Code    76  sqrt.o(i.sqrt)
    time7_init                               0x0800a3a9   Thumb Code    60  timer.o(i.time7_init)
    uart_init                                0x0800a3e9   Thumb Code   152  usart.o(i.uart_init)
    usart1_niming_report                     0x0800a489   Thumb Code   118  mpu6050.o(i.usart1_niming_report)
    usart1_report_imu                        0x0800a4ff   Thumb Code   192  mpu6050.o(i.usart1_report_imu)
    usart1_send_char                         0x0800a5c1   Thumb Code    28  mpu6050.o(i.usart1_send_char)
    usmart_cmd_rec                           0x0800a5e1   Thumb Code   170  usmart.o(i.usmart_cmd_rec)
    usmart_exe                               0x0800a691   Thumb Code   632  usmart.o(i.usmart_exe)
    usmart_get_aparm                         0x0800a965   Thumb Code   200  usmart_str.o(i.usmart_get_aparm)
    usmart_get_cmdname                       0x0800aa2d   Thumb Code    54  usmart_str.o(i.usmart_get_cmdname)
    usmart_get_fname                         0x0800aa65   Thumb Code   440  usmart_str.o(i.usmart_get_fname)
    usmart_get_fparam                        0x0800ac25   Thumb Code   262  usmart_str.o(i.usmart_get_fparam)
    usmart_get_parmpos                       0x0800ad31   Thumb Code    26  usmart_str.o(i.usmart_get_parmpos)
    usmart_get_runtime                       0x0800ad51   Thumb Code    60  usmart.o(i.usmart_get_runtime)
    usmart_init                              0x0800ad95   Thumb Code    36  usmart.o(i.usmart_init)
    usmart_pow                               0x0800adbd   Thumb Code    22  usmart_str.o(i.usmart_pow)
    usmart_reset_runtime                     0x0800add5   Thumb Code    38  usmart.o(i.usmart_reset_runtime)
    usmart_scan                              0x0800ae05   Thumb Code   120  usmart.o(i.usmart_scan)
    usmart_search_nextc                      0x0800aec1   Thumb Code    22  usmart_str.o(i.usmart_search_nextc)
    usmart_str2num                           0x0800aed7   Thumb Code   202  usmart_str.o(i.usmart_str2num)
    usmart_strcmp                            0x0800afa1   Thumb Code    34  usmart_str.o(i.usmart_strcmp)
    usmart_strcopy                           0x0800afc3   Thumb Code    22  usmart_str.o(i.usmart_strcopy)
    usmart_strlen                            0x0800afd9   Thumb Code    24  usmart_str.o(i.usmart_strlen)
    usmart_sys_cmd_exe                       0x0800aff1   Thumb Code  1554  usmart.o(i.usmart_sys_cmd_exe)
    write_addr                               0x0800b6d5   Thumb Code     4  usmart.o(i.write_addr)
    __aeabi_d2f                              0x0800b6d9   Thumb Code     0  d2f.o(x$fpl$d2f)
    _d2f                                     0x0800b6d9   Thumb Code    98  d2f.o(x$fpl$d2f)
    __aeabi_dadd                             0x0800b73d   Thumb Code     0  daddsub_clz.o(x$fpl$dadd)
    _dadd                                    0x0800b73d   Thumb Code   332  daddsub_clz.o(x$fpl$dadd)
    __fpl_dcheck_NaN1                        0x0800b88d   Thumb Code    10  dcheck1.o(x$fpl$dcheck1)
    __aeabi_ddiv                             0x0800b89d   Thumb Code     0  ddiv.o(x$fpl$ddiv)
    _ddiv                                    0x0800b89d   Thumb Code   552  ddiv.o(x$fpl$ddiv)
    __aeabi_d2uiz                            0x0800bb4d   Thumb Code     0  dfixu.o(x$fpl$dfixu)
    _dfixu                                   0x0800bb4d   Thumb Code    90  dfixu.o(x$fpl$dfixu)
    __aeabi_i2d                              0x0800bba7   Thumb Code     0  dflt_clz.o(x$fpl$dflt)
    _dflt                                    0x0800bba7   Thumb Code    46  dflt_clz.o(x$fpl$dflt)
    __aeabi_ui2d                             0x0800bbd5   Thumb Code     0  dflt_clz.o(x$fpl$dfltu)
    _dfltu                                   0x0800bbd5   Thumb Code    38  dflt_clz.o(x$fpl$dfltu)
    __aeabi_dmul                             0x0800bbfd   Thumb Code     0  dmul.o(x$fpl$dmul)
    _dmul                                    0x0800bbfd   Thumb Code   332  dmul.o(x$fpl$dmul)
    __fpl_dnaninf                            0x0800bd51   Thumb Code   156  dnaninf.o(x$fpl$dnaninf)
    __fpl_dretinf                            0x0800bded   Thumb Code    12  dretinf.o(x$fpl$dretinf)
    __aeabi_drsub                            0x0800bdf9   Thumb Code     0  daddsub_clz.o(x$fpl$drsb)
    _drsb                                    0x0800bdf9   Thumb Code    22  daddsub_clz.o(x$fpl$drsb)
    _dsqrt                                   0x0800be11   Thumb Code   456  dsqrt_noumaal.o(x$fpl$dsqrt)
    __aeabi_dsub                             0x0800bfdd   Thumb Code     0  daddsub_clz.o(x$fpl$dsub)
    _dsub                                    0x0800bfdd   Thumb Code   464  daddsub_clz.o(x$fpl$dsub)
    __aeabi_f2d                              0x0800c1b1   Thumb Code     0  f2d.o(x$fpl$f2d)
    _f2d                                     0x0800c1b1   Thumb Code    86  f2d.o(x$fpl$f2d)
    __aeabi_fadd                             0x0800c209   Thumb Code     0  faddsub_clz.o(x$fpl$fadd)
    _fadd                                    0x0800c209   Thumb Code   196  faddsub_clz.o(x$fpl$fadd)
    __fpl_fcmp_Inf                           0x0800c2cd   Thumb Code    24  fcmpi.o(x$fpl$fcmpinf)
    __aeabi_fdiv                             0x0800c2e5   Thumb Code     0  fdiv.o(x$fpl$fdiv)
    _fdiv                                    0x0800c2e5   Thumb Code   384  fdiv.o(x$fpl$fdiv)
    __aeabi_cfcmpeq                          0x0800c469   Thumb Code     0  feqf.o(x$fpl$feqf)
    _fcmpeq                                  0x0800c469   Thumb Code   104  feqf.o(x$fpl$feqf)
    __aeabi_f2iz                             0x0800c4d1   Thumb Code     0  ffix.o(x$fpl$ffix)
    _ffix                                    0x0800c4d1   Thumb Code    54  ffix.o(x$fpl$ffix)
    __aeabi_f2uiz                            0x0800c509   Thumb Code     0  ffixu.o(x$fpl$ffixu)
    _ffixu                                   0x0800c509   Thumb Code    62  ffixu.o(x$fpl$ffixu)
    __aeabi_i2f                              0x0800c549   Thumb Code     0  fflt_clz.o(x$fpl$fflt)
    _fflt                                    0x0800c549   Thumb Code    48  fflt_clz.o(x$fpl$fflt)
    __aeabi_ui2f                             0x0800c579   Thumb Code     0  fflt_clz.o(x$fpl$ffltu)
    _ffltu                                   0x0800c579   Thumb Code    38  fflt_clz.o(x$fpl$ffltu)
    __aeabi_cfcmple                          0x0800c5a1   Thumb Code     0  fleqf.o(x$fpl$fleqf)
    _fcmple                                  0x0800c5a1   Thumb Code   104  fleqf.o(x$fpl$fleqf)
    __fpl_fcmple_InfNaN                      0x0800c5f3   Thumb Code     0  fleqf.o(x$fpl$fleqf)
    __aeabi_fmul                             0x0800c609   Thumb Code     0  fmul.o(x$fpl$fmul)
    _fmul                                    0x0800c609   Thumb Code   258  fmul.o(x$fpl$fmul)
    __fpl_fnaninf                            0x0800c70b   Thumb Code   140  fnaninf.o(x$fpl$fnaninf)
    __fpl_fretinf                            0x0800c797   Thumb Code    10  fretinf.o(x$fpl$fretinf)
    __aeabi_cfrcmple                         0x0800c7a1   Thumb Code     0  frleqf.o(x$fpl$frleqf)
    _frcmple                                 0x0800c7a1   Thumb Code    98  frleqf.o(x$fpl$frleqf)
    __aeabi_fsub                             0x0800c805   Thumb Code     0  faddsub_clz.o(x$fpl$fsub)
    _fsub                                    0x0800c805   Thumb Code   234  faddsub_clz.o(x$fpl$fsub)
    __fpl_return_NaN                         0x0800c8ef   Thumb Code   100  retnan.o(x$fpl$retnan)
    __ARM_scalbn                             0x0800c953   Thumb Code    92  scalbn.o(x$fpl$scalbn)
    __fpl_cmpreturn                          0x0800c9af   Thumb Code    48  trapv.o(x$fpl$trapveneer)
    __I$use$fp                               0x0800c9de   Number         0  usenofp.o(x$fpl$usenofp)
    asc2_1206                                0x0800c9de   Data        1140  lcd.o(.constdata)
    asc2_1608                                0x0800ce52   Data        1520  lcd.o(.constdata)
    asc2_2412                                0x0800d442   Data        3420  lcd.o(.constdata)
    reg                                      0x0800ed94   Data          27  inv_mpu.o(.constdata)
    hw                                       0x0800edb0   Data          12  inv_mpu.o(.constdata)
    test                                     0x0800edbc   Data          40  inv_mpu.o(.constdata)
    __mathlib_zero                           0x0800ef08   Data           8  qnan.o(.constdata)
    Region$$Table$$Base                      0x0800f054   Number         0  anon$$obj.o(Region$$Table)
    Region$$Table$$Limit                     0x0800f074   Number         0  anon$$obj.o(Region$$Table)
    ROVmode                                  0x20000000   Data           4  main.o(.data)
    pitch                                    0x20000004   Data           4  main.o(.data)
    roll                                     0x20000008   Data           4  main.o(.data)
    yaw                                      0x2000000c   Data           4  main.o(.data)
    SystemCoreClock                          0x20000010   Data           4  system_stm32f10x.o(.data)
    AHBPrescTable                            0x20000014   Data          16  system_stm32f10x.o(.data)
    POINT_COLOR                              0x20000026   Data           2  lcd.o(.data)
    BACK_COLOR                               0x20000028   Data           2  lcd.o(.data)
    __stdout                                 0x20000068   Data           4  usart.o(.data)
    USART_RX_STA                             0x2000006c   Data           2  usart.o(.data)
    sys_cmd_tab                              0x20000084   Data          28  usmart.o(.data)
    usmart_nametab                           0x200000a0   Data          56  usmart_config.o(.data)
    usmart_dev                               0x200000d8   Data         244  usmart_config.o(.data)
    lcddev                                   0x200001fc   Data          14  lcd.o(.bss)
    USART_RX_BUF                             0x2000021c   Data         200  usart.o(.bss)
    pid_roll                                 0x200002e4   Data          44  pid.o(.bss)
    pid_pitch                                0x20000310   Data          44  pid.o(.bss)
    pid_yaw                                  0x2000033c   Data          44  pid.o(.bss)
    __libspace_start                         0x20000368   Data          96  libspace.o(.bss)
    __temporary_stack_top$libspace           0x200003c8   Data           0  libspace.o(.bss)



==============================================================================

Memory Map of the image

  Image Entry point : 0x08000131

  Load Region LR_IROM1 (Base: 0x08000000, Size: 0x0000f270, Max: 0x00080000, ABSOLUTE, COMPRESSED[0x0000f110])

    Execution Region ER_IROM1 (Base: 0x08000000, Size: 0x0000f074, Max: 0x00080000, ABSOLUTE)

    Base Addr    Size         Type   Attr      Idx    E Section Name        Object

    0x08000000   0x00000130   Data   RO         1374    RESET               startup_stm32f10x_hd.o
    0x08000130   0x00000008   Code   RO         2922  * !!!main             c_w.l(__main.o)
    0x08000138   0x00000034   Code   RO         3254    !!!scatter          c_w.l(__scatter.o)
    0x0800016c   0x0000005a   Code   RO         3252    !!dczerorl2         c_w.l(__dczerorl2.o)
    0x080001c6   0x00000002   PAD
    0x080001c8   0x0000001c   Code   RO         3256    !!handler_zi        c_w.l(__scatter_zi.o)
    0x080001e4   0x00000000   Code   RO         2915    .ARM.Collect$$_printf_percent$$00000000  c_w.l(_printf_percent.o)
    0x080001e4   0x00000006   Code   RO         2913    .ARM.Collect$$_printf_percent$$00000009  c_w.l(_printf_d.o)
    0x080001ea   0x00000006   Code   RO         2914    .ARM.Collect$$_printf_percent$$0000000A  c_w.l(_printf_u.o)
    0x080001f0   0x00000006   Code   RO         2912    .ARM.Collect$$_printf_percent$$0000000C  c_w.l(_printf_x.o)
    0x080001f6   0x00000006   Code   RO         2910    .ARM.Collect$$_printf_percent$$00000013  c_w.l(_printf_c.o)
    0x080001fc   0x00000006   Code   RO         2911    .ARM.Collect$$_printf_percent$$00000014  c_w.l(_printf_s.o)
    0x08000202   0x00000004   Code   RO         3013    .ARM.Collect$$_printf_percent$$00000017  c_w.l(_printf_percent_end.o)
    0x08000206   0x00000002   Code   RO         3120    .ARM.Collect$$libinit$$00000000  c_w.l(libinit.o)
    0x08000208   0x00000000   Code   RO         3132    .ARM.Collect$$libinit$$00000002  c_w.l(libinit2.o)
    0x08000208   0x00000000   Code   RO         3134    .ARM.Collect$$libinit$$00000004  c_w.l(libinit2.o)
    0x08000208   0x00000000   Code   RO         3137    .ARM.Collect$$libinit$$0000000A  c_w.l(libinit2.o)
    0x08000208   0x00000000   Code   RO         3139    .ARM.Collect$$libinit$$0000000C  c_w.l(libinit2.o)
    0x08000208   0x00000000   Code   RO         3141    .ARM.Collect$$libinit$$0000000E  c_w.l(libinit2.o)
    0x08000208   0x00000000   Code   RO         3144    .ARM.Collect$$libinit$$00000011  c_w.l(libinit2.o)
    0x08000208   0x00000000   Code   RO         3146    .ARM.Collect$$libinit$$00000013  c_w.l(libinit2.o)
    0x08000208   0x00000000   Code   RO         3148    .ARM.Collect$$libinit$$00000015  c_w.l(libinit2.o)
    0x08000208   0x00000000   Code   RO         3150    .ARM.Collect$$libinit$$00000017  c_w.l(libinit2.o)
    0x08000208   0x00000000   Code   RO         3152    .ARM.Collect$$libinit$$00000019  c_w.l(libinit2.o)
    0x08000208   0x00000000   Code   RO         3154    .ARM.Collect$$libinit$$0000001B  c_w.l(libinit2.o)
    0x08000208   0x00000000   Code   RO         3156    .ARM.Collect$$libinit$$0000001D  c_w.l(libinit2.o)
    0x08000208   0x00000000   Code   RO         3158    .ARM.Collect$$libinit$$0000001F  c_w.l(libinit2.o)
    0x08000208   0x00000000   Code   RO         3160    .ARM.Collect$$libinit$$00000021  c_w.l(libinit2.o)
    0x08000208   0x00000000   Code   RO         3162    .ARM.Collect$$libinit$$00000023  c_w.l(libinit2.o)
    0x08000208   0x00000000   Code   RO         3164    .ARM.Collect$$libinit$$00000025  c_w.l(libinit2.o)
    0x08000208   0x00000000   Code   RO         3168    .ARM.Collect$$libinit$$0000002C  c_w.l(libinit2.o)
    0x08000208   0x00000000   Code   RO         3170    .ARM.Collect$$libinit$$0000002E  c_w.l(libinit2.o)
    0x08000208   0x00000000   Code   RO         3172    .ARM.Collect$$libinit$$00000030  c_w.l(libinit2.o)
    0x08000208   0x00000000   Code   RO         3174    .ARM.Collect$$libinit$$00000032  c_w.l(libinit2.o)
    0x08000208   0x00000002   Code   RO         3175    .ARM.Collect$$libinit$$00000033  c_w.l(libinit2.o)
    0x0800020a   0x00000002   Code   RO         3205    .ARM.Collect$$libshutdown$$00000000  c_w.l(libshutdown.o)
    0x0800020c   0x00000000   Code   RO         3220    .ARM.Collect$$libshutdown$$00000003  c_w.l(libshutdown2.o)
    0x0800020c   0x00000000   Code   RO         3223    .ARM.Collect$$libshutdown$$00000006  c_w.l(libshutdown2.o)
    0x0800020c   0x00000000   Code   RO         3226    .ARM.Collect$$libshutdown$$00000009  c_w.l(libshutdown2.o)
    0x0800020c   0x00000000   Code   RO         3228    .ARM.Collect$$libshutdown$$0000000B  c_w.l(libshutdown2.o)
    0x0800020c   0x00000000   Code   RO         3231    .ARM.Collect$$libshutdown$$0000000E  c_w.l(libshutdown2.o)
    0x0800020c   0x00000002   Code   RO         3232    .ARM.Collect$$libshutdown$$0000000F  c_w.l(libshutdown2.o)
    0x0800020e   0x00000000   Code   RO         3002    .ARM.Collect$$rtentry$$00000000  c_w.l(__rtentry.o)
    0x0800020e   0x00000000   Code   RO         3067    .ARM.Collect$$rtentry$$00000002  c_w.l(__rtentry2.o)
    0x0800020e   0x00000006   Code   RO         3079    .ARM.Collect$$rtentry$$00000004  c_w.l(__rtentry4.o)
    0x08000214   0x00000000   Code   RO         3069    .ARM.Collect$$rtentry$$00000009  c_w.l(__rtentry2.o)
    0x08000214   0x00000004   Code   RO         3070    .ARM.Collect$$rtentry$$0000000A  c_w.l(__rtentry2.o)
    0x08000218   0x00000000   Code   RO         3072    .ARM.Collect$$rtentry$$0000000C  c_w.l(__rtentry2.o)
    0x08000218   0x00000008   Code   RO         3073    .ARM.Collect$$rtentry$$0000000D  c_w.l(__rtentry2.o)
    0x08000220   0x00000002   Code   RO         3125    .ARM.Collect$$rtexit$$00000000  c_w.l(rtexit.o)
    0x08000222   0x00000000   Code   RO         3179    .ARM.Collect$$rtexit$$00000002  c_w.l(rtexit2.o)
    0x08000222   0x00000004   Code   RO         3180    .ARM.Collect$$rtexit$$00000003  c_w.l(rtexit2.o)
    0x08000226   0x00000006   Code   RO         3181    .ARM.Collect$$rtexit$$00000004  c_w.l(rtexit2.o)
    0x0800022c   0x00000040   Code   RO         1375    .text               startup_stm32f10x_hd.o
    0x0800026c   0x00000002   Code   RO         2853    .text               c_w.l(use_no_semi_2.o)
    0x0800026e   0x00000048   Code   RO         2855    .text               c_w.l(llsdiv.o)
    0x080002b6   0x00000002   PAD
    0x080002b8   0x00000018   Code   RO         2859    .text               c_w.l(noretval__2printf.o)
    0x080002d0   0x0000004e   Code   RO         2863    .text               c_w.l(_printf_pad.o)
    0x0800031e   0x00000052   Code   RO         2865    .text               c_w.l(_printf_str.o)
    0x08000370   0x00000078   Code   RO         2867    .text               c_w.l(_printf_dec.o)
    0x080003e8   0x00000058   Code   RO         2872    .text               c_w.l(_printf_hex_int.o)
    0x08000440   0x00000188   Code   RO         2907    .text               c_w.l(__printf_flags_ss_wp.o)
    0x080005c8   0x00000058   Code   RO         2916    .text               c_w.l(memcmp.o)
    0x08000620   0x00000010   Code   RO         2918    .text               c_w.l(aeabi_memset.o)
    0x08000630   0x00000006   Code   RO         2920    .text               c_w.l(heapauxi.o)
    0x08000636   0x00000002   Code   RO         3000    .text               c_w.l(use_no_semi.o)
    0x08000638   0x000000ee   Code   RO         3003    .text               c_w.l(lludivv7m.o)
    0x08000726   0x00000016   Code   RO         3005    .text               c_w.l(_rserrno.o)
    0x0800073c   0x000000b2   Code   RO         3007    .text               c_w.l(_printf_intcommon.o)
    0x080007ee   0x0000002c   Code   RO         3009    .text               c_w.l(_printf_char.o)
    0x0800081a   0x00000002   PAD
    0x0800081c   0x00000024   Code   RO         3011    .text               c_w.l(_printf_char_file.o)
    0x08000840   0x00000044   Code   RO         3014    .text               c_w.l(rt_memclr.o)
    0x08000884   0x00000008   Code   RO         3088    .text               c_w.l(rt_errno_addr_intlibspace.o)
    0x0800088c   0x00000030   Code   RO         3090    .text               c_w.l(_printf_char_common.o)
    0x080008bc   0x00000008   Code   RO         3092    .text               c_w.l(ferror.o)
    0x080008c4   0x0000004e   Code   RO         3096    .text               c_w.l(rt_memclr_w.o)
    0x08000912   0x00000002   PAD
    0x08000914   0x00000008   Code   RO         3104    .text               c_w.l(libspace.o)
    0x0800091c   0x0000004a   Code   RO         3107    .text               c_w.l(sys_stackheap_outer.o)
    0x08000966   0x0000000c   Code   RO         3113    .text               c_w.l(exit.o)
    0x08000972   0x00000004   Code   RO          163    i.BusFault_Handler  stm32f10x_it.o
    0x08000976   0x00000002   Code   RO          164    i.DebugMon_Handler  stm32f10x_it.o
    0x08000978   0x00000034   Code   RO         2468    i.FSMC_NORSRAMCmd   stm32f10x_fsmc.o
    0x080009ac   0x000000e6   Code   RO         2470    i.FSMC_NORSRAMInit  stm32f10x_fsmc.o
    0x08000a92   0x00000116   Code   RO         1421    i.GPIO_Init         stm32f10x_gpio.o
    0x08000ba8   0x00000090   Code   RO         1423    i.GPIO_PinRemapConfig  stm32f10x_gpio.o
    0x08000c38   0x00000012   Code   RO         1425    i.GPIO_ReadInputDataBit  stm32f10x_gpio.o
    0x08000c4a   0x00000004   Code   RO         1429    i.GPIO_SetBits      stm32f10x_gpio.o
    0x08000c4e   0x00000004   Code   RO          165    i.HardFault_Handler  stm32f10x_it.o
    0x08000c52   0x00000002   PAD
    0x08000c54   0x0000003c   Code   RO          298    i.KEY_Init          key.o
    0x08000c90   0x000000a4   Code   RO          299    i.KEY_Scan          key.o
    0x08000d34   0x0000006c   Code   RO          385    i.LCD_Clear         lcd.o
    0x08000da0   0x000001c0   Code   RO          389    i.LCD_Display_Dir   lcd.o
    0x08000f60   0x0000017c   Code   RO          394    i.LCD_Fast_DrawPoint  lcd.o
    0x080010dc   0x000000bc   Code   RO          395    i.LCD_Fill          lcd.o
    0x08001198   0x0000376c   Code   RO          396    i.LCD_Init          lcd.o
    0x08004904   0x00000016   Code   RO          397    i.LCD_Pow           lcd.o
    0x0800491a   0x00000002   PAD
    0x0800491c   0x00000014   Code   RO          398    i.LCD_RD_DATA       lcd.o
    0x08004930   0x00000016   Code   RO          400    i.LCD_ReadReg       lcd.o
    0x08004946   0x00000002   PAD
    0x08004948   0x00000054   Code   RO          401    i.LCD_SSD_BackLightSet  lcd.o
    0x0800499c   0x000002ec   Code   RO          402    i.LCD_Scan_Dir      lcd.o
    0x08004c88   0x000001a8   Code   RO          403    i.LCD_SetCursor     lcd.o
    0x08004e30   0x00000128   Code   RO          405    i.LCD_ShowChar      lcd.o
    0x08004f58   0x00000094   Code   RO          406    i.LCD_ShowNum       lcd.o
    0x08004fec   0x00000066   Code   RO          407    i.LCD_ShowString    lcd.o
    0x08005052   0x00000002   PAD
    0x08005054   0x0000000c   Code   RO          409    i.LCD_WR_DATA       lcd.o
    0x08005060   0x0000000c   Code   RO          410    i.LCD_WR_REG        lcd.o
    0x0800506c   0x00000014   Code   RO          412    i.LCD_WriteRAM_Prepare  lcd.o
    0x08005080   0x00000010   Code   RO          413    i.LCD_WriteReg      lcd.o
    0x08005090   0x0000004c   Code   RO          286    i.LED_Init          led.o
    0x080050dc   0x00000050   Code   RO          594    i.MPU_Get_Accelerometer  mpu6050.o
    0x0800512c   0x00000050   Code   RO          595    i.MPU_Get_Gyroscope  mpu6050.o
    0x0800517c   0x00000068   Code   RO          596    i.MPU_Get_Temperature  mpu6050.o
    0x080051e4   0x0000004c   Code   RO          696    i.MPU_IIC_Ack       mpuiic.o
    0x08005230   0x0000000a   Code   RO          697    i.MPU_IIC_Delay     mpuiic.o
    0x0800523a   0x00000002   PAD
    0x0800523c   0x00000038   Code   RO          698    i.MPU_IIC_Init      mpuiic.o
    0x08005274   0x0000004c   Code   RO          699    i.MPU_IIC_NAck      mpuiic.o
    0x080052c0   0x0000006c   Code   RO          700    i.MPU_IIC_Read_Byte  mpuiic.o
    0x0800532c   0x0000005c   Code   RO          701    i.MPU_IIC_Send_Byte  mpuiic.o
    0x08005388   0x00000048   Code   RO          702    i.MPU_IIC_Start     mpuiic.o
    0x080053d0   0x00000048   Code   RO          703    i.MPU_IIC_Stop      mpuiic.o
    0x08005418   0x00000064   Code   RO          704    i.MPU_IIC_Wait_Ack  mpuiic.o
    0x0800547c   0x000000c0   Code   RO          597    i.MPU_Init          mpu6050.o
    0x0800553c   0x0000003a   Code   RO          598    i.MPU_Read_Byte     mpu6050.o
    0x08005576   0x00000074   Code   RO          599    i.MPU_Read_Len      mpu6050.o
    0x080055ea   0x00000010   Code   RO          600    i.MPU_Set_Accel_Fsr  mpu6050.o
    0x080055fa   0x00000010   Code   RO          601    i.MPU_Set_Gyro_Fsr  mpu6050.o
    0x0800560a   0x0000003a   Code   RO          602    i.MPU_Set_LPF       mpu6050.o
    0x08005644   0x0000003a   Code   RO          603    i.MPU_Set_Rate      mpu6050.o
    0x0800567e   0x00000044   Code   RO          604    i.MPU_Write_Byte    mpu6050.o
    0x080056c2   0x00000060   Code   RO          605    i.MPU_Write_Len     mpu6050.o
    0x08005722   0x00000026   Code   RO         2738    i.Math_fConstrain   pid.o
    0x08005748   0x00000004   Code   RO          166    i.MemManage_Handler  stm32f10x_it.o
    0x0800574c   0x00000002   Code   RO          167    i.NMI_Handler       stm32f10x_it.o
    0x0800574e   0x0000002a   Code   RO          317    i.NVIC_INIT         timer.o
    0x08005778   0x00000070   Code   RO         1379    i.NVIC_Init         misc.o
    0x080057e8   0x00000014   Code   RO         1380    i.NVIC_PriorityGroupConfig  misc.o
    0x080057fc   0x0000001c   Code   RO         2739    i.PIDSetKd          pid.o
    0x08005818   0x0000001c   Code   RO         2740    i.PIDSetKi          pid.o
    0x08005834   0x0000001c   Code   RO         2741    i.PIDSetKp          pid.o
    0x08005850   0x00000070   Code   RO         2742    i.PID_init          pid.o
    0x080058c0   0x00000178   Code   RO         2743    i.PID_realize_pitch  pid.o
    0x08005a38   0x00000178   Code   RO         2744    i.PID_realize_roll  pid.o
    0x08005bb0   0x00000178   Code   RO         2745    i.PID_realize_yaw   pid.o
    0x08005d28   0x00000160   Code   RO         2801    i.PWM_Back_OUT      control.o
    0x08005e88   0x000000a0   Code   RO         2802    i.PWM_Down_OUT      control.o
    0x08005f28   0x00000160   Code   RO         2803    i.PWM_Forward_OUT   control.o
    0x08006088   0x00000034   Code   RO         2804    i.PWM_Left_OUT      control.o
    0x080060bc   0x00000034   Code   RO         2805    i.PWM_Right_OUT     control.o
    0x080060f0   0x000000a0   Code   RO         2806    i.PWM_Up_OUT        control.o
    0x08006190   0x00000002   Code   RO          168    i.PendSV_Handler    stm32f10x_it.o
    0x08006192   0x00000002   PAD
    0x08006194   0x00000020   Code   RO         1530    i.RCC_AHBPeriphClockCmd  stm32f10x_rcc.o
    0x080061b4   0x00000020   Code   RO         1531    i.RCC_APB1PeriphClockCmd  stm32f10x_rcc.o
    0x080061d4   0x00000020   Code   RO         1533    i.RCC_APB2PeriphClockCmd  stm32f10x_rcc.o
    0x080061f4   0x000000d4   Code   RO         1541    i.RCC_GetClocksFreq  stm32f10x_rcc.o
    0x080062c8   0x00000044   Code   RO         2807    i.ROV_Control       control.o
    0x0800630c   0x00000002   Code   RO          169    i.SVC_Handler       stm32f10x_it.o
    0x0800630e   0x00000008   Code   RO          252    i.SetSysClock       system_stm32f10x.o
    0x08006316   0x00000002   PAD
    0x08006318   0x000000e0   Code   RO          253    i.SetSysClockTo72   system_stm32f10x.o
    0x080063f8   0x00000028   Code   RO         1383    i.SysTick_CLKSourceConfig  misc.o
    0x08006420   0x00000002   Code   RO          170    i.SysTick_Handler   stm32f10x_it.o
    0x08006422   0x00000002   PAD
    0x08006424   0x00000060   Code   RO          255    i.SystemInit        system_stm32f10x.o
    0x08006484   0x00000016   Code   RO          318    i.TIM2_IRQHandler   timer.o
    0x0800649a   0x00000002   PAD
    0x0800649c   0x000000c4   Code   RO          319    i.TIM2_PWM_Init     timer.o
    0x08006560   0x0000001c   Code   RO          320    i.TIM3_IRQHandler   timer.o
    0x0800657c   0x000000bc   Code   RO          322    i.TIM3_PWM_Init     timer.o
    0x08006638   0x00000038   Code   RO         2577    i.TIM4_IRQHandler   usmart.o
    0x08006670   0x00000054   Code   RO          323    i.TIM7_IRQHandler   timer.o
    0x080066c4   0x000000bc   Code   RO          325    i.TIM8_PWM_Init     timer.o
    0x08006780   0x00000018   Code   RO         1733    i.TIM_ARRPreloadConfig  stm32f10x_tim.o
    0x08006798   0x00000006   Code   RO         1739    i.TIM_ClearFlag     stm32f10x_tim.o
    0x0800679e   0x00000006   Code   RO         1740    i.TIM_ClearITPendingBit  stm32f10x_tim.o
    0x080067a4   0x00000018   Code   RO         1745    i.TIM_Cmd           stm32f10x_tim.o
    0x080067bc   0x0000001e   Code   RO         1747    i.TIM_CtrlPWMOutputs  stm32f10x_tim.o
    0x080067da   0x00000006   Code   RO         1764    i.TIM_GetCounter    stm32f10x_tim.o
    0x080067e0   0x00000012   Code   RO         1765    i.TIM_GetFlagStatus  stm32f10x_tim.o
    0x080067f2   0x00000022   Code   RO         1766    i.TIM_GetITStatus   stm32f10x_tim.o
    0x08006814   0x00000012   Code   RO         1770    i.TIM_ITConfig      stm32f10x_tim.o
    0x08006826   0x00000002   PAD
    0x08006828   0x00000098   Code   RO         1774    i.TIM_OC1Init       stm32f10x_tim.o
    0x080068c0   0x00000012   Code   RO         1777    i.TIM_OC1PreloadConfig  stm32f10x_tim.o
    0x080068d2   0x00000002   PAD
    0x080068d4   0x000000a4   Code   RO         1779    i.TIM_OC2Init       stm32f10x_tim.o
    0x08006978   0x0000001a   Code   RO         1782    i.TIM_OC2PreloadConfig  stm32f10x_tim.o
    0x08006992   0x00000002   PAD
    0x08006994   0x000000a0   Code   RO         1784    i.TIM_OC3Init       stm32f10x_tim.o
    0x08006a34   0x00000012   Code   RO         1787    i.TIM_OC3PreloadConfig  stm32f10x_tim.o
    0x08006a46   0x00000004   Code   RO         1804    i.TIM_SetAutoreload  stm32f10x_tim.o
    0x08006a4a   0x00000004   Code   RO         1806    i.TIM_SetCompare1   stm32f10x_tim.o
    0x08006a4e   0x00000004   Code   RO         1807    i.TIM_SetCompare2   stm32f10x_tim.o
    0x08006a52   0x00000004   Code   RO         1808    i.TIM_SetCompare3   stm32f10x_tim.o
    0x08006a56   0x00000004   Code   RO         1810    i.TIM_SetCounter    stm32f10x_tim.o
    0x08006a5a   0x00000002   PAD
    0x08006a5c   0x000000a4   Code   RO         1816    i.TIM_TimeBaseInit  stm32f10x_tim.o
    0x08006b00   0x0000005c   Code   RO         2578    i.Timer4_Init       usmart.o
    0x08006b5c   0x00000088   Code   RO         1321    i.USART1_IRQHandler  usart.o
    0x08006be4   0x00000018   Code   RO         2281    i.USART_Cmd         stm32f10x_usart.o
    0x08006bfc   0x0000001a   Code   RO         2284    i.USART_GetFlagStatus  stm32f10x_usart.o
    0x08006c16   0x00000054   Code   RO         2285    i.USART_GetITStatus  stm32f10x_usart.o
    0x08006c6a   0x0000004a   Code   RO         2287    i.USART_ITConfig    stm32f10x_usart.o
    0x08006cb4   0x000000d8   Code   RO         2288    i.USART_Init        stm32f10x_usart.o
    0x08006d8c   0x0000000a   Code   RO         2295    i.USART_ReceiveData  stm32f10x_usart.o
    0x08006d96   0x00000008   Code   RO         2298    i.USART_SendData    stm32f10x_usart.o
    0x08006d9e   0x00000004   Code   RO          171    i.UsageFault_Handler  stm32f10x_it.o
    0x08006da2   0x00000028   Code   RO         3053    i.__ARM_fpclassify  m_ws.l(fpclassify.o)
    0x08006dca   0x000000aa   Code   RO         3055    i.__kernel_poly     m_ws.l(poly.o)
    0x08006e74   0x00000006   Code   RO         3040    i.__mathlib_dbl_infnan  m_ws.l(dunder.o)
    0x08006e7a   0x00000004   Code   RO         3041    i.__mathlib_dbl_infnan2  m_ws.l(dunder.o)
    0x08006e7e   0x0000000c   Code   RO         3042    i.__mathlib_dbl_invalid  m_ws.l(dunder.o)
    0x08006e8a   0x00000002   PAD
    0x08006e8c   0x00000010   Code   RO         3045    i.__mathlib_dbl_underflow  m_ws.l(dunder.o)
    0x08006e9c   0x0000000e   Code   RO         2900    i._is_digit         c_w.l(__printf_wp.o)
    0x08006eaa   0x00000006   Code   RO         1322    i._sys_exit         usart.o
    0x08006eb0   0x000000a8   Code   RO          941    i.accel_self_test   inv_mpu.o
    0x08006f58   0x00000270   Code   RO         2983    i.asin              m_ws.l(asin.o)
    0x080071c8   0x00000220   Code   RO         3030    i.atan              m_ws.l(atan.o)
    0x080073e8   0x00000180   Code   RO         2993    i.atan2             m_ws.l(atan2.o)
    0x08007568   0x00000064   Code   RO          756    i.decode_gesture    inv_mpu_dmp_motion_driver.o
    0x080075cc   0x00000044   Code   RO         1266    i.delay_init        delay.o
    0x08007610   0x0000004c   Code   RO         1267    i.delay_ms          delay.o
    0x0800765c   0x0000004c   Code   RO         1268    i.delay_us          delay.o
    0x080076a8   0x0000003c   Code   RO          757    i.dmp_enable_6x_lp_quat  inv_mpu_dmp_motion_driver.o
    0x080076e4   0x0000021c   Code   RO          758    i.dmp_enable_feature  inv_mpu_dmp_motion_driver.o
    0x08007900   0x00000058   Code   RO          759    i.dmp_enable_gyro_cal  inv_mpu_dmp_motion_driver.o
    0x08007958   0x0000003c   Code   RO          760    i.dmp_enable_lp_quat  inv_mpu_dmp_motion_driver.o
    0x08007994   0x00000018   Code   RO          765    i.dmp_load_motion_driver_firmware  inv_mpu_dmp_motion_driver.o
    0x080079ac   0x000001cc   Code   RO          766    i.dmp_read_fifo     inv_mpu_dmp_motion_driver.o
    0x08007b78   0x00000130   Code   RO          769    i.dmp_set_accel_bias  inv_mpu_dmp_motion_driver.o
    0x08007ca8   0x00000070   Code   RO          770    i.dmp_set_fifo_rate  inv_mpu_dmp_motion_driver.o
    0x08007d18   0x00000130   Code   RO          771    i.dmp_set_gyro_bias  inv_mpu_dmp_motion_driver.o
    0x08007e48   0x00000138   Code   RO          773    i.dmp_set_orientation  inv_mpu_dmp_motion_driver.o
    0x08007f80   0x00000038   Code   RO          776    i.dmp_set_shake_reject_thresh  inv_mpu_dmp_motion_driver.o
    0x08007fb8   0x00000026   Code   RO          777    i.dmp_set_shake_reject_time  inv_mpu_dmp_motion_driver.o
    0x08007fde   0x00000026   Code   RO          778    i.dmp_set_shake_reject_timeout  inv_mpu_dmp_motion_driver.o
    0x08008004   0x00000046   Code   RO          779    i.dmp_set_tap_axes  inv_mpu_dmp_motion_driver.o
    0x0800804a   0x00000026   Code   RO          780    i.dmp_set_tap_count  inv_mpu_dmp_motion_driver.o
    0x08008070   0x000001a0   Code   RO          781    i.dmp_set_tap_thresh  inv_mpu_dmp_motion_driver.o
    0x08008210   0x00000026   Code   RO          782    i.dmp_set_tap_time  inv_mpu_dmp_motion_driver.o
    0x08008236   0x00000026   Code   RO          783    i.dmp_set_tap_time_multi  inv_mpu_dmp_motion_driver.o
    0x0800825c   0x0000001c   Code   RO         1323    i.fputc             usart.o
    0x08008278   0x000000b4   Code   RO          942    i.get_accel_prod_shift  inv_mpu.o
    0x0800832c   0x00000470   Code   RO          943    i.get_st_biases     inv_mpu.o
    0x0800879c   0x00000110   Code   RO          944    i.gyro_self_test    inv_mpu.o
    0x080088ac   0x00000028   Code   RO          945    i.inv_orientation_matrix_to_scalar  inv_mpu.o
    0x080088d4   0x0000004e   Code   RO          946    i.inv_row_2_scale   inv_mpu.o
    0x08008922   0x00000002   PAD
    0x08008924   0x000005e0   Code   RO            1    i.main              main.o
    0x08008f04   0x00000002   Code   RO          947    i.mget_ms           inv_mpu.o
    0x08008f06   0x0000006e   Code   RO          606    i.mpu6050_send_data  mpu6050.o
    0x08008f74   0x00000070   Code   RO          948    i.mpu_configure_fifo  inv_mpu.o
    0x08008fe4   0x00000224   Code   RO          949    i.mpu_dmp_get_data  inv_mpu.o
    0x08009208   0x000000a0   Code   RO          950    i.mpu_dmp_init      inv_mpu.o
    0x080092a8   0x0000004c   Code   RO          951    i.mpu_get_accel_fsr  inv_mpu.o
    0x080092f4   0x00000054   Code   RO          953    i.mpu_get_accel_sens  inv_mpu.o
    0x08009348   0x00000010   Code   RO          958    i.mpu_get_fifo_config  inv_mpu.o
    0x08009358   0x00000044   Code   RO          959    i.mpu_get_gyro_fsr  inv_mpu.o
    0x0800939c   0x00000050   Code   RO          961    i.mpu_get_gyro_sens  inv_mpu.o
    0x080093ec   0x00000050   Code   RO          963    i.mpu_get_lpf       inv_mpu.o
    0x0800943c   0x00000020   Code   RO          965    i.mpu_get_sample_rate  inv_mpu.o
    0x0800945c   0x000001f0   Code   RO          967    i.mpu_init          inv_mpu.o
    0x0800964c   0x000000b8   Code   RO          968    i.mpu_load_firmware  inv_mpu.o
    0x08009704   0x000000e0   Code   RO          969    i.mpu_lp_accel_mode  inv_mpu.o
    0x080097e4   0x000000c0   Code   RO          972    i.mpu_read_fifo_stream  inv_mpu.o
    0x080098a4   0x00000080   Code   RO          973    i.mpu_read_mem      inv_mpu.o
    0x08009924   0x000001c8   Code   RO          976    i.mpu_reset_fifo    inv_mpu.o
    0x08009aec   0x0000011c   Code   RO          977    i.mpu_run_self_test  inv_mpu.o
    0x08009c08   0x00000084   Code   RO          979    i.mpu_set_accel_fsr  inv_mpu.o
    0x08009c8c   0x0000014c   Code   RO          980    i.mpu_set_bypass    inv_mpu.o
    0x08009dd8   0x00000090   Code   RO          982    i.mpu_set_dmp_state  inv_mpu.o
    0x08009e68   0x00000088   Code   RO          983    i.mpu_set_gyro_fsr  inv_mpu.o
    0x08009ef0   0x0000006c   Code   RO          984    i.mpu_set_int_latched  inv_mpu.o
    0x08009f5c   0x00000084   Code   RO          986    i.mpu_set_lpf       inv_mpu.o
    0x08009fe0   0x0000009c   Code   RO          987    i.mpu_set_sample_rate  inv_mpu.o
    0x0800a07c   0x000000d0   Code   RO          988    i.mpu_set_sensors   inv_mpu.o
    0x0800a14c   0x00000080   Code   RO          989    i.mpu_write_mem     inv_mpu.o
    0x0800a1cc   0x00000006   Code   RO         2579    i.read_addr         usmart.o
    0x0800a1d2   0x00000002   PAD
    0x0800a1d4   0x00000064   Code   RO         2746    i.roll_pitch_yaw_anglePID  pid.o
    0x0800a238   0x00000094   Code   RO          990    i.run_self_test     inv_mpu.o
    0x0800a2cc   0x00000090   Code   RO          991    i.set_int_enable    inv_mpu.o
    0x0800a35c   0x0000004c   Code   RO         3059    i.sqrt              m_ws.l(sqrt.o)
    0x0800a3a8   0x00000040   Code   RO          326    i.time7_init        timer.o
    0x0800a3e8   0x000000a0   Code   RO         1324    i.uart_init         usart.o
    0x0800a488   0x00000076   Code   RO          607    i.usart1_niming_report  mpu6050.o
    0x0800a4fe   0x000000c0   Code   RO          608    i.usart1_report_imu  mpu6050.o
    0x0800a5be   0x00000002   PAD
    0x0800a5c0   0x00000020   Code   RO          609    i.usart1_send_char  mpu6050.o
    0x0800a5e0   0x000000b0   Code   RO         2580    i.usmart_cmd_rec    usmart.o
    0x0800a690   0x000002d4   Code   RO         2581    i.usmart_exe        usmart.o
    0x0800a964   0x000000c8   Code   RO         2666    i.usmart_get_aparm  usmart_str.o
    0x0800aa2c   0x00000036   Code   RO         2667    i.usmart_get_cmdname  usmart_str.o
    0x0800aa62   0x00000002   PAD
    0x0800aa64   0x000001c0   Code   RO         2668    i.usmart_get_fname  usmart_str.o
    0x0800ac24   0x0000010c   Code   RO         2669    i.usmart_get_fparam  usmart_str.o
    0x0800ad30   0x00000020   Code   RO         2670    i.usmart_get_parmpos  usmart_str.o
    0x0800ad50   0x00000044   Code   RO         2582    i.usmart_get_runtime  usmart.o
    0x0800ad94   0x00000028   Code   RO         2583    i.usmart_init       usmart.o
    0x0800adbc   0x00000016   Code   RO         2671    i.usmart_pow        usmart_str.o
    0x0800add2   0x00000002   PAD
    0x0800add4   0x00000030   Code   RO         2584    i.usmart_reset_runtime  usmart.o
    0x0800ae04   0x000000bc   Code   RO         2585    i.usmart_scan       usmart.o
    0x0800aec0   0x00000016   Code   RO         2672    i.usmart_search_nextc  usmart_str.o
    0x0800aed6   0x000000ca   Code   RO         2673    i.usmart_str2num    usmart_str.o
    0x0800afa0   0x00000022   Code   RO         2674    i.usmart_strcmp     usmart_str.o
    0x0800afc2   0x00000016   Code   RO         2675    i.usmart_strcopy    usmart_str.o
    0x0800afd8   0x00000018   Code   RO         2676    i.usmart_strlen     usmart_str.o
    0x0800aff0   0x000006e4   Code   RO         2586    i.usmart_sys_cmd_exe  usmart.o
    0x0800b6d4   0x00000004   Code   RO         2587    i.write_addr        usmart.o
    0x0800b6d8   0x00000062   Code   RO         2924    x$fpl$d2f           fz_ws.l(d2f.o)
    0x0800b73a   0x00000002   PAD
    0x0800b73c   0x00000150   Code   RO         2926    x$fpl$dadd          fz_ws.l(daddsub_clz.o)
    0x0800b88c   0x00000010   Code   RO         3098    x$fpl$dcheck1       fz_ws.l(dcheck1.o)
    0x0800b89c   0x000002b0   Code   RO         2933    x$fpl$ddiv          fz_ws.l(ddiv.o)
    0x0800bb4c   0x0000005a   Code   RO         2936    x$fpl$dfixu         fz_ws.l(dfixu.o)
    0x0800bba6   0x0000002e   Code   RO         2941    x$fpl$dflt          fz_ws.l(dflt_clz.o)
    0x0800bbd4   0x00000026   Code   RO         2940    x$fpl$dfltu         fz_ws.l(dflt_clz.o)
    0x0800bbfa   0x00000002   PAD
    0x0800bbfc   0x00000154   Code   RO         2946    x$fpl$dmul          fz_ws.l(dmul.o)
    0x0800bd50   0x0000009c   Code   RO         3016    x$fpl$dnaninf       fz_ws.l(dnaninf.o)
    0x0800bdec   0x0000000c   Code   RO         3018    x$fpl$dretinf       fz_ws.l(dretinf.o)
    0x0800bdf8   0x00000016   Code   RO         2927    x$fpl$drsb          fz_ws.l(daddsub_clz.o)
    0x0800be0e   0x00000002   PAD
    0x0800be10   0x000001cc   Code   RO         3102    x$fpl$dsqrt         fz_ws.l(dsqrt_noumaal.o)
    0x0800bfdc   0x000001d4   Code   RO         2928    x$fpl$dsub          fz_ws.l(daddsub_clz.o)
    0x0800c1b0   0x00000056   Code   RO         2948    x$fpl$f2d           fz_ws.l(f2d.o)
    0x0800c206   0x00000002   PAD
    0x0800c208   0x000000c4   Code   RO         2950    x$fpl$fadd          fz_ws.l(faddsub_clz.o)
    0x0800c2cc   0x00000018   Code   RO         3020    x$fpl$fcmpinf       fz_ws.l(fcmpi.o)
    0x0800c2e4   0x00000184   Code   RO         2957    x$fpl$fdiv          fz_ws.l(fdiv.o)
    0x0800c468   0x00000068   Code   RO         2960    x$fpl$feqf          fz_ws.l(feqf.o)
    0x0800c4d0   0x00000036   Code   RO         2962    x$fpl$ffix          fz_ws.l(ffix.o)
    0x0800c506   0x00000002   PAD
    0x0800c508   0x0000003e   Code   RO         2966    x$fpl$ffixu         fz_ws.l(ffixu.o)
    0x0800c546   0x00000002   PAD
    0x0800c548   0x00000030   Code   RO         2971    x$fpl$fflt          fz_ws.l(fflt_clz.o)
    0x0800c578   0x00000026   Code   RO         2970    x$fpl$ffltu         fz_ws.l(fflt_clz.o)
    0x0800c59e   0x00000002   PAD
    0x0800c5a0   0x00000068   Code   RO         2976    x$fpl$fleqf         fz_ws.l(fleqf.o)
    0x0800c608   0x00000102   Code   RO         2978    x$fpl$fmul          fz_ws.l(fmul.o)
    0x0800c70a   0x0000008c   Code   RO         3022    x$fpl$fnaninf       fz_ws.l(fnaninf.o)
    0x0800c796   0x0000000a   Code   RO         3024    x$fpl$fretinf       fz_ws.l(fretinf.o)
    0x0800c7a0   0x00000062   Code   RO         2980    x$fpl$frleqf        fz_ws.l(frleqf.o)
    0x0800c802   0x00000002   PAD
    0x0800c804   0x000000ea   Code   RO         2952    x$fpl$fsub          fz_ws.l(faddsub_clz.o)
    0x0800c8ee   0x00000064   Code   RO         3123    x$fpl$retnan        fz_ws.l(retnan.o)
    0x0800c952   0x0000005c   Code   RO         3026    x$fpl$scalbn        fz_ws.l(scalbn.o)
    0x0800c9ae   0x00000030   Code   RO         3176    x$fpl$trapveneer    fz_ws.l(trapv.o)
    0x0800c9de   0x00000000   Code   RO         3028    x$fpl$usenofp       fz_ws.l(usenofp.o)
    0x0800c9de   0x000017c0   Data   RO          416    .constdata          lcd.o
    0x0800e19e   0x00000bf6   Data   RO          785    .constdata          inv_mpu_dmp_motion_driver.o
    0x0800ed94   0x00000050   Data   RO          993    .constdata          inv_mpu.o
    0x0800ede4   0x00000028   Data   RO         2873    .constdata          c_w.l(_printf_hex_int.o)
    0x0800ee0c   0x00000011   Data   RO         2908    .constdata          c_w.l(__printf_flags_ss_wp.o)
    0x0800ee1d   0x00000003   PAD
    0x0800ee20   0x00000050   Data   RO         2984    .constdata          m_ws.l(asin.o)
    0x0800ee70   0x00000098   Data   RO         3031    .constdata          m_ws.l(atan.o)
    0x0800ef08   0x00000008   Data   RO         3057    .constdata          m_ws.l(qnan.o)
    0x0800ef10   0x0000004d   Data   RO          994    .conststring        inv_mpu.o
    0x0800ef5d   0x00000003   PAD
    0x0800ef60   0x00000028   Data   RO         2588    .conststring        usmart.o
    0x0800ef88   0x000000cb   Data   RO         2653    .conststring        usmart_config.o
    0x0800f053   0x00000001   PAD
    0x0800f054   0x00000020   Data   RO         3250    Region$$Table       anon$$obj.o


    Execution Region RW_IRAM1 (Base: 0x20000000, Size: 0x000009c8, Max: 0x00010000, ABSOLUTE, COMPRESSED[0x0000009c])

    Base Addr    Size         Type   Attr      Idx    E Section Name        Object

    0x20000000   0x00000010   Data   RW            2    .data               main.o
    0x20000010   0x00000014   Data   RW          256    .data               system_stm32f10x.o
    0x20000024   0x00000001   Data   RW          300    .data               key.o
    0x20000025   0x00000001   PAD
    0x20000026   0x00000004   Data   RW          417    .data               lcd.o
    0x2000002a   0x00000002   PAD
    0x2000002c   0x00000035   Data   RW          995    .data               inv_mpu.o
    0x20000061   0x00000001   PAD
    0x20000062   0x00000004   Data   RW         1269    .data               delay.o
    0x20000066   0x00000002   PAD
    0x20000068   0x00000006   Data   RW         1326    .data               usart.o
    0x2000006e   0x00000014   Data   RW         1561    .data               stm32f10x_rcc.o
    0x20000082   0x00000002   PAD
    0x20000084   0x0000001c   Data   RW         2589    .data               usmart.o
    0x200000a0   0x0000012c   Data   RW         2654    .data               usmart_config.o
    0x200001cc   0x00000030   Data   RW         2808    .data               control.o
    0x200001fc   0x0000000e   Zero   RW          415    .bss                lcd.o
    0x2000020a   0x00000002   PAD
    0x2000020c   0x00000010   Zero   RW          784    .bss                inv_mpu_dmp_motion_driver.o
    0x2000021c   0x000000c8   Zero   RW         1325    .bss                usart.o
    0x200002e4   0x00000084   Zero   RW         2747    .bss                pid.o
    0x20000368   0x00000060   Zero   RW         3105    .bss                c_w.l(libspace.o)
    0x200003c8   0x00000200   Zero   RW         1373    HEAP                startup_stm32f10x_hd.o
    0x200005c8   0x00000400   Zero   RW         1372    STACK               startup_stm32f10x_hd.o


==============================================================================

Image component sizes


      Code (inc. data)   RO Data    RW Data    ZI Data      Debug   Object Name

      1196        154          0         48          0       3854   control.o
       220         26          0          4          0       1667   delay.o
      6864        290        157         53          0      30456   inv_mpu.o
      3096        122       3062          0         16      20390   inv_mpu_dmp_motion_driver.o
       224         22          0          1          0       1122   key.o
     17238        192       6080          4         14      22250   lcd.o
        76          8          0          0          0        491   led.o
      1504        236          0         16          0     262512   main.o
       172         22          0          0          0       2029   misc.o
      1394         34          0          0          0      10987   mpu6050.o
       662        100          0          0          0       4754   mpuiic.o
      1462        112          0          0        132       5654   pid.o
        64         26        304          0       1536        792   startup_stm32f10x_hd.o
       282          6          0          0          0       1793   stm32f10x_fsmc.o
       444          6          0          0          0       3885   stm32f10x_gpio.o
        26          0          0          0          0       3642   stm32f10x_it.o
       308         38          0         20          0       4966   stm32f10x_rcc.o
       888         82          0          0          0      12733   stm32f10x_tim.o
       442          6          0          0          0       6053   stm32f10x_usart.o
         0          0          0          0          0         32   sys.o
       328         28          0         20          0       2057   system_stm32f10x.o
       812         64          0          0          0       4727   timer.o
       330         26          0          6        200       4076   usart.o
      3166       1330         40         28          0       7426   usmart.o
         0          0        203        300          0       1564   usmart_config.o
      1328         20          0          0          0       8209   usmart_str.o

    ----------------------------------------------------------------------
     42562       2950       9882        508       1900     428121   Object Totals
         0          0         32          0          0          0   (incl. Generated)
        36          0          4          8          2          0   (incl. Padding)

    ----------------------------------------------------------------------

      Code (inc. data)   RO Data    RW Data    ZI Data      Debug   Library Member Name

        90          0          0          0          0          0   __dczerorl2.o
         8          0          0          0          0         68   __main.o
       392          4         17          0          0         92   __printf_flags_ss_wp.o
        14          0          0          0          0         68   __printf_wp.o
         0          0          0          0          0          0   __rtentry.o
        12          0          0          0          0          0   __rtentry2.o
         6          0          0          0          0          0   __rtentry4.o
        52          8          0          0          0          0   __scatter.o
        28          0          0          0          0          0   __scatter_zi.o
         6          0          0          0          0          0   _printf_c.o
        44          0          0          0          0        108   _printf_char.o
        48          6          0          0          0         96   _printf_char_common.o
        36          4          0          0          0         80   _printf_char_file.o
         6          0          0          0          0          0   _printf_d.o
       120         16          0          0          0         92   _printf_dec.o
        88          4         40          0          0         88   _printf_hex_int.o
       178          0          0          0          0         88   _printf_intcommon.o
        78          0          0          0          0        108   _printf_pad.o
         0          0          0          0          0          0   _printf_percent.o
         4          0          0          0          0          0   _printf_percent_end.o
         6          0          0          0          0          0   _printf_s.o
        82          0          0          0          0         80   _printf_str.o
         6          0          0          0          0          0   _printf_u.o
         6          0          0          0          0          0   _printf_x.o
        22          0          0          0          0        100   _rserrno.o
        16          0          0          0          0         68   aeabi_memset.o
        12          0          0          0          0         72   exit.o
         8          0          0          0          0         68   ferror.o
         6          0          0          0          0        152   heapauxi.o
         2          0          0          0          0          0   libinit.o
         2          0          0          0          0          0   libinit2.o
         2          0          0          0          0          0   libshutdown.o
         2          0          0          0          0          0   libshutdown2.o
         8          4          0          0         96         68   libspace.o
        72          0          0          0          0         76   llsdiv.o
       238          0          0          0          0        100   lludivv7m.o
        88          0          0          0          0         76   memcmp.o
        24          4          0          0          0         84   noretval__2printf.o
         8          4          0          0          0         68   rt_errno_addr_intlibspace.o
        68          0          0          0          0         68   rt_memclr.o
        78          0          0          0          0         80   rt_memclr_w.o
         2          0          0          0          0          0   rtexit.o
        10          0          0          0          0          0   rtexit2.o
        74          0          0          0          0         80   sys_stackheap_outer.o
         2          0          0          0          0         68   use_no_semi.o
         2          0          0          0          0         68   use_no_semi_2.o
        98          4          0          0          0         92   d2f.o
       826         16          0          0          0        348   daddsub_clz.o
        16          4          0          0          0         68   dcheck1.o
       688        140          0          0          0        208   ddiv.o
        90          4          0          0          0         92   dfixu.o
        84          0          0          0          0        136   dflt_clz.o
       340         12          0          0          0        104   dmul.o
       156          4          0          0          0         92   dnaninf.o
        12          0          0          0          0         68   dretinf.o
       460         56          0          0          0        120   dsqrt_noumaal.o
        86          4          0          0          0         84   f2d.o
       430          8          0          0          0        168   faddsub_clz.o
        24          0          0          0          0         68   fcmpi.o
       388         76          0          0          0         96   fdiv.o
       104          4          0          0          0         84   feqf.o
        54          4          0          0          0         84   ffix.o
        62          4          0          0          0         84   ffixu.o
        86          0          0          0          0        136   fflt_clz.o
       104          4          0          0          0         84   fleqf.o
       258          4          0          0          0         84   fmul.o
       140          4          0          0          0         84   fnaninf.o
        10          0          0          0          0         68   fretinf.o
        98          0          0          0          0         68   frleqf.o
       100          0          0          0          0         68   retnan.o
        92          0          0          0          0         68   scalbn.o
        48          0          0          0          0         68   trapv.o
         0          0          0          0          0          0   usenofp.o
       624         52         80          0          0        168   asin.o
       544         70        152          0          0        124   atan.o
       384         38          0          0          0        144   atan2.o
        38          6          0          0          0        272   dunder.o
        40          0          0          0          0         68   fpclassify.o
       170          0          0          0          0         96   poly.o
         0          0          8          0          0          0   qnan.o
        76          0          0          0          0         84   sqrt.o

    ----------------------------------------------------------------------
      8812        572        300          0         96       5944   Library Totals
        26          0          3          0          0          0   (incl. Padding)

    ----------------------------------------------------------------------

      Code (inc. data)   RO Data    RW Data    ZI Data      Debug   Library Name

      2056         54         57          0         96       2264   c_w.l
      4854        352          0          0          0       2724   fz_ws.l
      1876        166        240          0          0        956   m_ws.l

    ----------------------------------------------------------------------
      8812        572        300          0         96       5944   Library Totals

    ----------------------------------------------------------------------

==============================================================================


      Code (inc. data)   RO Data    RW Data    ZI Data      Debug   

     51374       3522      10182        508       1996     420281   Grand Totals
     51374       3522      10182        156       1996     420281   ELF Image Totals (compressed)
     51374       3522      10182        156          0          0   ROM Totals

==============================================================================

    Total RO  Size (Code + RO Data)                61556 (  60.11kB)
    Total RW  Size (RW Data + ZI Data)              2504 (   2.45kB)
    Total ROM Size (Code + RO Data + RW Data)      61712 (  60.27kB)

==============================================================================

